#
# There is insufficient memory for the Java Runtime Environment to continue.
# Native memory allocation (malloc) failed to allocate 1395696 bytes for Chunk::new
# Possible reasons:
#   The system is out of physical RAM or swap space
#   The process is running with CompressedOops enabled, and the Java Heap may be blocking the growth of the native heap
# Possible solutions:
#   Reduce memory load on the system
#   Increase physical memory or swap space
#   Check if swap backing store is full
#   Decrease Java heap size (-Xmx/-Xms)
#   Decrease number of Java threads
#   Decrease Java thread stack sizes (-Xss)
#   Set larger code cache with -XX:ReservedCodeCacheSize=
#   JVM is running with Unscaled Compressed Oops mode in which the Java heap is
#     placed in the first 4GB address space. The Java Heap base address is the
#     maximum limit for the native heap growth. Please use -XX:HeapBaseMinAddress
#     to set the Java Heap base and to place the Java Heap above 4GB virtual address.
# This output file may be truncated or incomplete.
#
#  Out of Memory Error (./src/hotspot/share/memory/arena.cpp:197), pid=18016, tid=18684
#
# JRE version: OpenJDK Runtime Environment (11.0.8+10) (build 11.0.8+10-b944.6842174)
# Java VM: OpenJDK 64-Bit Server VM (11.0.8+10-b944.6842174, mixed mode, tiered, compressed oops, g1 gc, windows-amd64)
# No core dump will be written. Minidumps are not enabled by default on client versions of Windows
#

---------------  S U M M A R Y ------------

Command Line: --add-opens=java.base/java.util=ALL-UNNAMED --add-opens=java.base/java.lang=ALL-UNNAMED --add-opens=java.base/java.lang.invoke=ALL-UNNAMED --add-opens=java.prefs/java.util.prefs=ALL-UNNAMED -XX:MaxMetaspaceSize=256m -XX:+HeapDumpOnOutOfMemoryError -Xms256m -Xmx512m -Dfile.encoding=windows-1253 -Duser.country=US -Duser.language=en -Duser.variant org.gradle.launcher.daemon.bootstrap.GradleDaemon 5.4.1

Host: Intel(R) Core(TM) i7-4770 CPU @ 3.40GHz, 8 cores, 15G,  Windows 10 , 64 bit Build 19041 (10.0.19041.2251)
Time: Fri Nov 18 10:04:32 2022 GTB Standard Time elapsed time: 80 seconds (0d 0h 1m 20s)

---------------  T H R E A D  ---------------

Current thread (0x0000020f5a4ee800):  JavaThread "C2 CompilerThread2" daemon [_thread_in_native, id=18684, stack(0x0000005aa5d00000,0x0000005aa5e00000)]


Current CompileTask:
C2:  80169 16771   !   4       java.nio.file.FileTreeWalker::next (144 bytes)

Stack: [0x0000005aa5d00000,0x0000005aa5e00000]
Native frames: (J=compiled Java code, j=interpreted, Vv=VM code, C=native code)
V  [jvm.dll+0x5de50a]
V  [jvm.dll+0x7122f5]
V  [jvm.dll+0x71384d]
V  [jvm.dll+0x713f03]
V  [jvm.dll+0x23e728]
V  [jvm.dll+0xb899c]
V  [jvm.dll+0xb8e9c]
V  [jvm.dll+0x35024d]
V  [jvm.dll+0x31dea3]
V  [jvm.dll+0x31d39a]
V  [jvm.dll+0x1f7702]
V  [jvm.dll+0x1f68d4]
V  [jvm.dll+0x17f32c]
V  [jvm.dll+0x205047]
V  [jvm.dll+0x203891]
V  [jvm.dll+0x6dad3f]
V  [jvm.dll+0x6d3895]
V  [jvm.dll+0x5dd4a6]
C  [ucrtbase.dll+0x21bb2]
C  [KERNEL32.DLL+0x174b4]
C  [ntdll.dll+0x526a1]


---------------  P R O C E S S  ---------------

Threads class SMR info:
_java_thread_list=0x0000020f5766ac10, length=54, elements={
0x0000020f3a1df800, 0x0000020f50bf8800, 0x0000020f50c03800, 0x0000020f50c1b800,
0x0000020f50c1d800, 0x0000020f51564800, 0x0000020f51572800, 0x0000020f5157b800,
0x0000020f516cd000, 0x0000020f516d6000, 0x0000020f52c1e000, 0x0000020f52d25000,
0x0000020f51ff7000, 0x0000020f52c15000, 0x0000020f53246000, 0x0000020f52b73000,
0x0000020f52dea800, 0x0000020f524aa000, 0x0000020f524ab000, 0x0000020f5329d000,
0x0000020f532a0800, 0x0000020f5329e800, 0x0000020f532a1000, 0x0000020f532a2000,
0x0000020f5329e000, 0x0000020f5329f800, 0x0000020f5329c800, 0x0000020f53c63000,
0x0000020f53c60800, 0x0000020f53c5f000, 0x0000020f53c62800, 0x0000020f53c61800,
0x0000020f53c64000, 0x0000020f53c65000, 0x0000020f53c65800, 0x0000020f53c60000,
0x0000020f53c66800, 0x0000020f53c6a800, 0x0000020f53c67800, 0x0000020f53c6d000,
0x0000020f53c6e000, 0x0000020f53c69800, 0x0000020f53c6b800, 0x0000020f53c68000,
0x0000020f53c6c000, 0x0000020f53c69000, 0x0000020f5a4eb000, 0x0000020f5a4ec000,
0x0000020f5a4e7000, 0x0000020f5a4ea800, 0x0000020f5a4ed800, 0x0000020f5a4e8000,
0x0000020f5a4ef800, 0x0000020f5a4ee800
}

Java Threads: ( => current thread )
  0x0000020f3a1df800 JavaThread "main" [_thread_blocked, id=23856, stack(0x0000005aa6000000,0x0000005aa6100000)]
  0x0000020f50bf8800 JavaThread "Reference Handler" daemon [_thread_blocked, id=13448, stack(0x0000005aa6700000,0x0000005aa6800000)]
  0x0000020f50c03800 JavaThread "Finalizer" daemon [_thread_blocked, id=8332, stack(0x0000005aa6800000,0x0000005aa6900000)]
  0x0000020f50c1b800 JavaThread "Signal Dispatcher" daemon [_thread_blocked, id=15420, stack(0x0000005aa6900000,0x0000005aa6a00000)]
  0x0000020f50c1d800 JavaThread "Attach Listener" daemon [_thread_blocked, id=25720, stack(0x0000005aa6a00000,0x0000005aa6b00000)]
  0x0000020f51564800 JavaThread "C2 CompilerThread0" daemon [_thread_in_native, id=14460, stack(0x0000005aa6b00000,0x0000005aa6c00000)]
  0x0000020f51572800 JavaThread "C1 CompilerThread0" daemon [_thread_blocked, id=26008, stack(0x0000005aa6c00000,0x0000005aa6d00000)]
  0x0000020f5157b800 JavaThread "Sweeper thread" daemon [_thread_blocked, id=1428, stack(0x0000005aa6d00000,0x0000005aa6e00000)]
  0x0000020f516cd000 JavaThread "Common-Cleaner" daemon [_thread_blocked, id=5168, stack(0x0000005aa6e00000,0x0000005aa6f00000)]
  0x0000020f516d6000 JavaThread "Service Thread" daemon [_thread_blocked, id=11056, stack(0x0000005aa6f00000,0x0000005aa7000000)]
  0x0000020f52c1e000 JavaThread "Daemon health stats" [_thread_blocked, id=24448, stack(0x0000005aa7800000,0x0000005aa7900000)]
  0x0000020f52d25000 JavaThread "Incoming local TCP Connector on port 59826" [_thread_in_native, id=23956, stack(0x0000005aa7900000,0x0000005aa7a00000)]
  0x0000020f51ff7000 JavaThread "Daemon periodic checks" [_thread_blocked, id=10200, stack(0x0000005aa7a00000,0x0000005aa7b00000)]
  0x0000020f52c15000 JavaThread "Daemon" [_thread_blocked, id=11636, stack(0x0000005aa7b00000,0x0000005aa7c00000)]
  0x0000020f53246000 JavaThread "Handler for socket connection from /127.0.0.1:59826 to /127.0.0.1:59827" [_thread_in_native, id=12788, stack(0x0000005aa7c00000,0x0000005aa7d00000)]
  0x0000020f52b73000 JavaThread "Cancel handler" [_thread_blocked, id=23320, stack(0x0000005aa7d00000,0x0000005aa7e00000)]
  0x0000020f52dea800 JavaThread "Daemon worker" [_thread_in_native, id=25524, stack(0x0000005aa7e00000,0x0000005aa7f00000)]
  0x0000020f524aa000 JavaThread "Asynchronous log dispatcher for DefaultDaemonConnection: socket connection from /127.0.0.1:59826 to /127.0.0.1:59827" [_thread_blocked, id=14848, stack(0x0000005aa7f00000,0x0000005aa8000000)]
  0x0000020f524ab000 JavaThread "Thread-8" [_thread_blocked, id=14064, stack(0x0000005aa8100000,0x0000005aa8200000)]
  0x0000020f5329d000 JavaThread "Cache worker for file hash cache (C:\Users\Dev3\.gradle\caches\5.4.1\fileHashes)" [_thread_blocked, id=13576, stack(0x0000005aa8200000,0x0000005aa8300000)]
  0x0000020f532a0800 JavaThread "File lock request listener" [_thread_in_native, id=24456, stack(0x0000005aa8300000,0x0000005aa8400000)]
  0x0000020f5329e800 JavaThread "Cache worker for journal cache (C:\Users\Dev3\.gradle\caches\journal-1)" [_thread_blocked, id=24640, stack(0x0000005aa8400000,0x0000005aa8500000)]
  0x0000020f532a1000 JavaThread "Cache worker for file hash cache (C:\Users\Dev3\Development\Projects\Android\MobileStreet\.gradle\5.4.1\fileHashes)" [_thread_blocked, id=12908, stack(0x0000005aa8700000,0x0000005aa8800000)]
  0x0000020f532a2000 JavaThread "Cache worker for cache directory md-supplier (C:\Users\Dev3\.gradle\caches\5.4.1\md-supplier)" [_thread_blocked, id=15160, stack(0x0000005aa8800000,0x0000005aa8900000)]
  0x0000020f5329e000 JavaThread "Cache worker for cache directory md-rule (C:\Users\Dev3\.gradle\caches\5.4.1\md-rule)" [_thread_blocked, id=13256, stack(0x0000005aa8900000,0x0000005aa8a00000)]
  0x0000020f5329f800 JavaThread "Cache worker for execution history cache (C:\Users\Dev3\.gradle\caches\5.4.1\executionHistory)" [_thread_blocked, id=24372, stack(0x0000005aa8a00000,0x0000005aa8b00000)]
  0x0000020f5329c800 JavaThread "Build operations" [_thread_blocked, id=24224, stack(0x0000005aa7100000,0x0000005aa7200000)]
  0x0000020f53c63000 JavaThread "Build operations Thread 2" [_thread_blocked, id=17392, stack(0x0000005aa8b00000,0x0000005aa8c00000)]
  0x0000020f53c60800 JavaThread "Build operations Thread 3" [_thread_blocked, id=25248, stack(0x0000005aa8c00000,0x0000005aa8d00000)]
  0x0000020f53c5f000 JavaThread "Build operations Thread 4" [_thread_blocked, id=3836, stack(0x0000005aa8d00000,0x0000005aa8e00000)]
  0x0000020f53c62800 JavaThread "Build operations Thread 5" [_thread_blocked, id=25940, stack(0x0000005aa8e00000,0x0000005aa8f00000)]
  0x0000020f53c61800 JavaThread "Build operations Thread 6" [_thread_blocked, id=12904, stack(0x0000005aa8f00000,0x0000005aa9000000)]
  0x0000020f53c64000 JavaThread "Build operations Thread 7" [_thread_blocked, id=16612, stack(0x0000005aa9000000,0x0000005aa9100000)]
  0x0000020f53c65000 JavaThread "Build operations Thread 8" [_thread_blocked, id=21472, stack(0x0000005aa9100000,0x0000005aa9200000)]
  0x0000020f53c65800 JavaThread "Cache worker for Build Output Cleanup Cache (C:\Users\Dev3\Development\Projects\Android\MobileStreet\.gradle\buildOutputCleanup)" [_thread_blocked, id=22512, stack(0x0000005aa9300000,0x0000005aa9400000)]
  0x0000020f53c60000 JavaThread "Memory manager" [_thread_blocked, id=23908, stack(0x0000005aa9500000,0x0000005aa9600000)]
  0x0000020f53c66800 JavaThread "Cache worker for file content cache (C:\Users\Dev3\.gradle\caches\5.4.1\fileContent)" [_thread_blocked, id=21852, stack(0x0000005aa9600000,0x0000005aa9700000)]
  0x0000020f53c6a800 JavaThread "Cache worker for file content cache (C:\Users\Dev3\Development\Projects\Android\MobileStreet\.gradle\5.4.1\fileContent)" [_thread_blocked, id=18484, stack(0x0000005aa9700000,0x0000005aa9800000)]
  0x0000020f53c67800 JavaThread "Execution worker for ':'" [_thread_in_native, id=8968, stack(0x0000005aa9400000,0x0000005aa9500000)]
  0x0000020f53c6d000 JavaThread "Execution worker for ':' Thread 2" [_thread_in_vm, id=23580, stack(0x0000005aa9800000,0x0000005aa9900000)]
  0x0000020f53c6e000 JavaThread "Execution worker for ':' Thread 3" [_thread_in_native, id=3428, stack(0x0000005aa9900000,0x0000005aa9a00000)]
  0x0000020f53c69800 JavaThread "Execution worker for ':' Thread 4" [_thread_in_native, id=15200, stack(0x0000005aa9a00000,0x0000005aa9b00000)]
  0x0000020f53c6b800 JavaThread "Execution worker for ':' Thread 5" [_thread_in_native, id=11292, stack(0x0000005aa9b00000,0x0000005aa9c00000)]
  0x0000020f53c68000 JavaThread "Execution worker for ':' Thread 6" [_thread_in_native, id=13828, stack(0x0000005aa9c00000,0x0000005aa9d00000)]
  0x0000020f53c6c000 JavaThread "Execution worker for ':' Thread 7" [_thread_in_native, id=9284, stack(0x0000005aa9d00000,0x0000005aa9e00000)]
  0x0000020f53c69000 JavaThread "Cache worker for execution history cache (C:\Users\Dev3\Development\Projects\Android\MobileStreet\.gradle\5.4.1\executionHistory)" [_thread_blocked, id=9972, stack(0x0000005aa9f00000,0x0000005aaa000000)]
  0x0000020f5a4eb000 JavaThread "WorkerExecutor Queue" [_thread_blocked, id=18472, stack(0x0000005aa9200000,0x0000005aa9300000)]
  0x0000020f5a4ec000 JavaThread "pool-2-thread-1" [_thread_blocked, id=4124, stack(0x0000005aaa300000,0x0000005aaa400000)]
  0x0000020f5a4e7000 JavaThread "stderr" [_thread_in_native, id=17144, stack(0x0000005aaa400000,0x0000005aaa500000)]
  0x0000020f5a4ea800 JavaThread "stdout" [_thread_in_native, id=12972, stack(0x0000005aaa500000,0x0000005aaa600000)]
  0x0000020f5a4ed800 JavaThread "Cache worker for Java compile cache (C:\Users\Dev3\.gradle\caches\5.4.1\javaCompile)" [_thread_blocked, id=25560, stack(0x0000005aaa700000,0x0000005aaa800000)]
  0x0000020f5a4e8000 JavaThread "Cache worker for Java compile cache (C:\Users\Dev3\Development\Projects\Android\MobileStreet\.gradle\5.4.1\javaCompile)" [_thread_blocked, id=24716, stack(0x0000005aaa800000,0x0000005aaa900000)]
  0x0000020f5a4ef800 JavaThread "C2 CompilerThread1" daemon [_thread_in_vm, id=25032, stack(0x0000005aa9e00000,0x0000005aa9f00000)]
=>0x0000020f5a4ee800 JavaThread "C2 CompilerThread2" daemon [_thread_in_native, id=18684, stack(0x0000005aa5d00000,0x0000005aa5e00000)]

Other Threads:
  0x0000020f50bf4800 VMThread "VM Thread" [stack: 0x0000005aa6600000,0x0000005aa6700000] [id=18420]
  0x0000020f516e7000 WatcherThread [stack: 0x0000005aa7000000,0x0000005aa7100000] [id=14656]
  0x0000020f3a1f7000 GCTaskThread "GC Thread#0" [stack: 0x0000005aa6100000,0x0000005aa6200000] [id=4668]
  0x0000020f5254a000 GCTaskThread "GC Thread#1" [stack: 0x0000005aa7300000,0x0000005aa7400000] [id=22812]
  0x0000020f523f7000 GCTaskThread "GC Thread#2" [stack: 0x0000005aa7400000,0x0000005aa7500000] [id=23476]
  0x0000020f523f7800 GCTaskThread "GC Thread#3" [stack: 0x0000005aa7500000,0x0000005aa7600000] [id=22304]
  0x0000020f51d7c800 GCTaskThread "GC Thread#4" [stack: 0x0000005aa7600000,0x0000005aa7700000] [id=16596]
  0x0000020f51d7d000 GCTaskThread "GC Thread#5" [stack: 0x0000005aa7700000,0x0000005aa7800000] [id=5624]
  0x0000020f53196800 GCTaskThread "GC Thread#6" [stack: 0x0000005aa7200000,0x0000005aa7300000] [id=18852]
  0x0000020f530ec800 GCTaskThread "GC Thread#7" [stack: 0x0000005aa8500000,0x0000005aa8600000] [id=6192]
  0x0000020f3a208000 ConcurrentGCThread "G1 Main Marker" [stack: 0x0000005aa6200000,0x0000005aa6300000] [id=6612]
  0x0000020f3a20d800 ConcurrentGCThread "G1 Conc#0" [stack: 0x0000005aa6300000,0x0000005aa6400000] [id=18652]
  0x0000020f51ecc800 ConcurrentGCThread "G1 Conc#1" [stack: 0x0000005aa8600000,0x0000005aa8700000] [id=24624]
  0x0000020f50a6c800 ConcurrentGCThread "G1 Refine#0" [stack: 0x0000005aa6400000,0x0000005aa6500000] [id=7336]
  0x0000020f57495000 ConcurrentGCThread "G1 Refine#1" [stack: 0x0000005aa5e00000,0x0000005aa5f00000] [id=23104]
  0x0000020f573bc800 ConcurrentGCThread "G1 Refine#2" [stack: 0x0000005aa5f00000,0x0000005aa6000000] [id=25048]
  0x0000020f55e10800 ConcurrentGCThread "G1 Refine#3" [stack: 0x0000005aa8000000,0x0000005aa8100000] [id=16844]
  0x0000020f57d3f000 ConcurrentGCThread "G1 Refine#4" [stack: 0x0000005aaa900000,0x0000005aaaa00000] [id=15532]
  0x0000020f50a6d000 ConcurrentGCThread "G1 Young RemSet Sampling" [stack: 0x0000005aa6500000,0x0000005aa6600000] [id=4420]

Threads with active compile tasks:
C2 CompilerThread0  80199 16774       4       org.gradle.internal.fingerprint.impl.AbsolutePathFingerprintingStrategy$1::visit (65 bytes)
C1 CompilerThread0  80199 16793       3       java.util.LinkedList$ListItr::remove (84 bytes)
C2 CompilerThread1  80199 16792       4       java.util.TimSort::sort (229 bytes)
C2 CompilerThread2  80199 16771   !   4       java.nio.file.FileTreeWalker::next (144 bytes)

VM state:not at safepoint (normal execution)

VM Mutex/Monitor currently owned by a thread:  ([mutex/lock_event])
[0x0000020f3a1dbf50] CompileStatistics_lock - owner thread: 0x0000000000000000

Heap address: 0x00000000e0000000, size: 512 MB, Compressed Oops mode: 32-bit
Narrow klass base: 0x0000000000000000, Narrow klass shift: 3
Compressed class space size: 260046848 Address: 0x0000000100000000

Heap:
 garbage-first heap   total 262144K, used 221405K [0x00000000e0000000, 0x0000000100000000)
  region size 1024K, 53 young (54272K), 4 survivors (4096K)
 Metaspace       used 93730K, capacity 95743K, committed 95864K, reserved 337920K
  class space    used 11342K, capacity 12061K, committed 12160K, reserved 253952K
Heap Regions: E=young(eden), S=young(survivor), O=old, HS=humongous(starts), HC=humongous(continues), CS=collection set, F=free, A=archive, TAMS=top-at-mark-start (previous, next)
|   0|0x00000000e0000000, 0x00000000e0100000, 0x00000000e0100000|100%|HS|  |TAMS 0x00000000e0100000, 0x00000000e0000000| Complete 
|   1|0x00000000e0100000, 0x00000000e0200000, 0x00000000e0200000|100%|HC|  |TAMS 0x00000000e0200000, 0x00000000e0100000| Complete 
|   2|0x00000000e0200000, 0x00000000e0300000, 0x00000000e0300000|100%|HS|  |TAMS 0x00000000e0300000, 0x00000000e0200000| Complete 
|   3|0x00000000e0300000, 0x00000000e0400000, 0x00000000e0400000|100%|HS|  |TAMS 0x00000000e0400000, 0x00000000e0300000| Complete 
|   4|0x00000000e0400000, 0x00000000e0500000, 0x00000000e0500000|100%|HC|  |TAMS 0x00000000e0500000, 0x00000000e0400000| Complete 
|   5|0x00000000e0500000, 0x00000000e0600000, 0x00000000e0600000|100%| O|  |TAMS 0x00000000e0600000, 0x00000000e0500000| Untracked 
|   6|0x00000000e0600000, 0x00000000e0700000, 0x00000000e0700000|100%| O|  |TAMS 0x00000000e0700000, 0x00000000e0600000| Untracked 
|   7|0x00000000e0700000, 0x00000000e0800000, 0x00000000e0800000|100%|HS|  |TAMS 0x00000000e0800000, 0x00000000e0700000| Complete 
|   8|0x00000000e0800000, 0x00000000e0900000, 0x00000000e0900000|100%|HC|  |TAMS 0x00000000e0900000, 0x00000000e0800000| Complete 
|   9|0x00000000e0900000, 0x00000000e0a00000, 0x00000000e0a00000|100%|HC|  |TAMS 0x00000000e0a00000, 0x00000000e0900000| Complete 
|  10|0x00000000e0a00000, 0x00000000e0b00000, 0x00000000e0b00000|100%|HS|  |TAMS 0x00000000e0b00000, 0x00000000e0a00000| Complete 
|  11|0x00000000e0b00000, 0x00000000e0c00000, 0x00000000e0c00000|100%|HC|  |TAMS 0x00000000e0c00000, 0x00000000e0b00000| Complete 
|  12|0x00000000e0c00000, 0x00000000e0d00000, 0x00000000e0d00000|100%|HC|  |TAMS 0x00000000e0d00000, 0x00000000e0c00000| Complete 
|  13|0x00000000e0d00000, 0x00000000e0e00000, 0x00000000e0e00000|100%|HC|  |TAMS 0x00000000e0e00000, 0x00000000e0d00000| Complete 
|  14|0x00000000e0e00000, 0x00000000e0f00000, 0x00000000e0f00000|100%| O|  |TAMS 0x00000000e0f00000, 0x00000000e0e00000| Untracked 
|  15|0x00000000e0f00000, 0x00000000e1000000, 0x00000000e1000000|100%| O|  |TAMS 0x00000000e1000000, 0x00000000e0f00000| Untracked 
|  16|0x00000000e1000000, 0x00000000e1100000, 0x00000000e1100000|100%| O|  |TAMS 0x00000000e1100000, 0x00000000e1000000| Untracked 
|  17|0x00000000e1100000, 0x00000000e1200000, 0x00000000e1200000|100%| O|  |TAMS 0x00000000e1200000, 0x00000000e1100000| Untracked 
|  18|0x00000000e1200000, 0x00000000e1300000, 0x00000000e1300000|100%| O|  |TAMS 0x00000000e1300000, 0x00000000e1200000| Untracked 
|  19|0x00000000e1300000, 0x00000000e1400000, 0x00000000e1400000|100%| O|  |TAMS 0x00000000e1400000, 0x00000000e1300000| Untracked 
|  20|0x00000000e1400000, 0x00000000e1500000, 0x00000000e1500000|100%| O|  |TAMS 0x00000000e1500000, 0x00000000e1400000| Untracked 
|  21|0x00000000e1500000, 0x00000000e1600000, 0x00000000e1600000|100%| O|  |TAMS 0x00000000e1600000, 0x00000000e1500000| Untracked 
|  22|0x00000000e1600000, 0x00000000e1700000, 0x00000000e1700000|100%| O|  |TAMS 0x00000000e1700000, 0x00000000e1600000| Untracked 
|  23|0x00000000e1700000, 0x00000000e1800000, 0x00000000e1800000|100%| O|  |TAMS 0x00000000e1800000, 0x00000000e1700000| Untracked 
|  24|0x00000000e1800000, 0x00000000e1900000, 0x00000000e1900000|100%|HS|  |TAMS 0x00000000e1900000, 0x00000000e1800000| Complete 
|  25|0x00000000e1900000, 0x00000000e1a00000, 0x00000000e1a00000|100%|HC|  |TAMS 0x00000000e1a00000, 0x00000000e1900000| Complete 
|  26|0x00000000e1a00000, 0x00000000e1b00000, 0x00000000e1b00000|100%| O|  |TAMS 0x00000000e1b00000, 0x00000000e1a00000| Untracked 
|  27|0x00000000e1b00000, 0x00000000e1c00000, 0x00000000e1c00000|100%| O|  |TAMS 0x00000000e1c00000, 0x00000000e1b00000| Untracked 
|  28|0x00000000e1c00000, 0x00000000e1d00000, 0x00000000e1d00000|100%| O|  |TAMS 0x00000000e1d00000, 0x00000000e1c00000| Untracked 
|  29|0x00000000e1d00000, 0x00000000e1e00000, 0x00000000e1e00000|100%| O|  |TAMS 0x00000000e1e00000, 0x00000000e1d00000| Untracked 
|  30|0x00000000e1e00000, 0x00000000e1f00000, 0x00000000e1f00000|100%| O|  |TAMS 0x00000000e1f00000, 0x00000000e1e00000| Untracked 
|  31|0x00000000e1f00000, 0x00000000e2000000, 0x00000000e2000000|100%| O|  |TAMS 0x00000000e2000000, 0x00000000e1f00000| Untracked 
|  32|0x00000000e2000000, 0x00000000e2100000, 0x00000000e2100000|100%| O|  |TAMS 0x00000000e2100000, 0x00000000e2000000| Untracked 
|  33|0x00000000e2100000, 0x00000000e2200000, 0x00000000e2200000|100%| O|  |TAMS 0x00000000e2200000, 0x00000000e2100000| Untracked 
|  34|0x00000000e2200000, 0x00000000e2300000, 0x00000000e2300000|100%| O|  |TAMS 0x00000000e2300000, 0x00000000e2200000| Untracked 
|  35|0x00000000e2300000, 0x00000000e2400000, 0x00000000e2400000|100%| O|  |TAMS 0x00000000e2400000, 0x00000000e2300000| Untracked 
|  36|0x00000000e2400000, 0x00000000e2500000, 0x00000000e2500000|100%| O|  |TAMS 0x00000000e2500000, 0x00000000e2400000| Untracked 
|  37|0x00000000e2500000, 0x00000000e2600000, 0x00000000e2600000|100%| O|  |TAMS 0x00000000e2600000, 0x00000000e2500000| Untracked 
|  38|0x00000000e2600000, 0x00000000e2700000, 0x00000000e2700000|100%| O|  |TAMS 0x00000000e2700000, 0x00000000e2600000| Untracked 
|  39|0x00000000e2700000, 0x00000000e2800000, 0x00000000e2800000|100%| O|  |TAMS 0x00000000e2800000, 0x00000000e2700000| Untracked 
|  40|0x00000000e2800000, 0x00000000e2900000, 0x00000000e2900000|100%| O|  |TAMS 0x00000000e2900000, 0x00000000e2800000| Untracked 
|  41|0x00000000e2900000, 0x00000000e2a00000, 0x00000000e2a00000|100%| O|  |TAMS 0x00000000e2a00000, 0x00000000e2900000| Untracked 
|  42|0x00000000e2a00000, 0x00000000e2b00000, 0x00000000e2b00000|100%| O|  |TAMS 0x00000000e2b00000, 0x00000000e2a00000| Untracked 
|  43|0x00000000e2b00000, 0x00000000e2c00000, 0x00000000e2c00000|100%| O|  |TAMS 0x00000000e2c00000, 0x00000000e2b00000| Untracked 
|  44|0x00000000e2c00000, 0x00000000e2d00000, 0x00000000e2d00000|100%| O|  |TAMS 0x00000000e2d00000, 0x00000000e2c00000| Untracked 
|  45|0x00000000e2d00000, 0x00000000e2e00000, 0x00000000e2e00000|100%| O|  |TAMS 0x00000000e2e00000, 0x00000000e2d00000| Untracked 
|  46|0x00000000e2e00000, 0x00000000e2f00000, 0x00000000e2f00000|100%| O|  |TAMS 0x00000000e2f00000, 0x00000000e2e00000| Untracked 
|  47|0x00000000e2f00000, 0x00000000e3000000, 0x00000000e3000000|100%| O|  |TAMS 0x00000000e3000000, 0x00000000e2f00000| Untracked 
|  48|0x00000000e3000000, 0x00000000e3100000, 0x00000000e3100000|100%| O|  |TAMS 0x00000000e3100000, 0x00000000e3000000| Untracked 
|  49|0x00000000e3100000, 0x00000000e3200000, 0x00000000e3200000|100%| O|  |TAMS 0x00000000e3100000, 0x00000000e3100000| Untracked 
|  50|0x00000000e3200000, 0x00000000e3300000, 0x00000000e3300000|100%| O|  |TAMS 0x00000000e3200000, 0x00000000e3200000| Untracked 
|  51|0x00000000e3300000, 0x00000000e3400000, 0x00000000e3400000|100%| O|  |TAMS 0x00000000e3400000, 0x00000000e3300000| Untracked 
|  52|0x00000000e3400000, 0x00000000e3500000, 0x00000000e3500000|100%| O|  |TAMS 0x00000000e3400000, 0x00000000e3400000| Untracked 
|  53|0x00000000e3500000, 0x00000000e3600000, 0x00000000e3600000|100%| O|  |TAMS 0x00000000e3600000, 0x00000000e3500000| Untracked 
|  54|0x00000000e3600000, 0x00000000e3700000, 0x00000000e3700000|100%| O|  |TAMS 0x00000000e3700000, 0x00000000e3600000| Untracked 
|  55|0x00000000e3700000, 0x00000000e3800000, 0x00000000e3800000|100%| O|  |TAMS 0x00000000e3800000, 0x00000000e3700000| Untracked 
|  56|0x00000000e3800000, 0x00000000e3900000, 0x00000000e3900000|100%| O|  |TAMS 0x00000000e3900000, 0x00000000e3800000| Untracked 
|  57|0x00000000e3900000, 0x00000000e3a00000, 0x00000000e3a00000|100%| O|  |TAMS 0x00000000e3a00000, 0x00000000e3900000| Untracked 
|  58|0x00000000e3a00000, 0x00000000e3b00000, 0x00000000e3b00000|100%| O|  |TAMS 0x00000000e3b00000, 0x00000000e3a00000| Untracked 
|  59|0x00000000e3b00000, 0x00000000e3c00000, 0x00000000e3c00000|100%| O|  |TAMS 0x00000000e3c00000, 0x00000000e3b00000| Untracked 
|  60|0x00000000e3c00000, 0x00000000e3d00000, 0x00000000e3d00000|100%| O|  |TAMS 0x00000000e3c00000, 0x00000000e3c00000| Untracked 
|  61|0x00000000e3d00000, 0x00000000e3e00000, 0x00000000e3e00000|100%| O|  |TAMS 0x00000000e3e00000, 0x00000000e3d00000| Untracked 
|  62|0x00000000e3e00000, 0x00000000e3f00000, 0x00000000e3f00000|100%| O|  |TAMS 0x00000000e3f00000, 0x00000000e3e00000| Untracked 
|  63|0x00000000e3f00000, 0x00000000e4000000, 0x00000000e4000000|100%|HS|  |TAMS 0x00000000e4000000, 0x00000000e3f00000| Complete 
|  64|0x00000000e4000000, 0x00000000e4100000, 0x00000000e4100000|100%|HS|  |TAMS 0x00000000e4100000, 0x00000000e4000000| Complete 
|  65|0x00000000e4100000, 0x00000000e4200000, 0x00000000e4200000|100%|HC|  |TAMS 0x00000000e4200000, 0x00000000e4100000| Complete 
|  66|0x00000000e4200000, 0x00000000e4300000, 0x00000000e4300000|100%| O|  |TAMS 0x00000000e4300000, 0x00000000e4200000| Untracked 
|  67|0x00000000e4300000, 0x00000000e4400000, 0x00000000e4400000|100%| O|  |TAMS 0x00000000e4400000, 0x00000000e4300000| Untracked 
|  68|0x00000000e4400000, 0x00000000e4500000, 0x00000000e4500000|100%| O|  |TAMS 0x00000000e4500000, 0x00000000e4400000| Untracked 
|  69|0x00000000e4500000, 0x00000000e4600000, 0x00000000e4600000|100%| O|  |TAMS 0x00000000e4600000, 0x00000000e4500000| Untracked 
|  70|0x00000000e4600000, 0x00000000e4700000, 0x00000000e4700000|100%| O|  |TAMS 0x00000000e4700000, 0x00000000e4600000| Untracked 
|  71|0x00000000e4700000, 0x00000000e4800000, 0x00000000e4800000|100%| O|  |TAMS 0x00000000e4800000, 0x00000000e4700000| Untracked 
|  72|0x00000000e4800000, 0x00000000e4900000, 0x00000000e4900000|100%| O|  |TAMS 0x00000000e4900000, 0x00000000e4800000| Untracked 
|  73|0x00000000e4900000, 0x00000000e4a00000, 0x00000000e4a00000|100%| O|  |TAMS 0x00000000e4a00000, 0x00000000e4900000| Untracked 
|  74|0x00000000e4a00000, 0x00000000e4b00000, 0x00000000e4b00000|100%| O|  |TAMS 0x00000000e4b00000, 0x00000000e4a00000| Untracked 
|  75|0x00000000e4b00000, 0x00000000e4c00000, 0x00000000e4c00000|100%| O|  |TAMS 0x00000000e4c00000, 0x00000000e4b00000| Untracked 
|  76|0x00000000e4c00000, 0x00000000e4d00000, 0x00000000e4d00000|100%| O|  |TAMS 0x00000000e4d00000, 0x00000000e4c00000| Untracked 
|  77|0x00000000e4d00000, 0x00000000e4e00000, 0x00000000e4e00000|100%| O|  |TAMS 0x00000000e4e00000, 0x00000000e4d00000| Untracked 
|  78|0x00000000e4e00000, 0x00000000e4f00000, 0x00000000e4f00000|100%| O|  |TAMS 0x00000000e4f00000, 0x00000000e4e00000| Untracked 
|  79|0x00000000e4f00000, 0x00000000e5000000, 0x00000000e5000000|100%| O|  |TAMS 0x00000000e5000000, 0x00000000e4f00000| Untracked 
|  80|0x00000000e5000000, 0x00000000e5100000, 0x00000000e5100000|100%| O|  |TAMS 0x00000000e5100000, 0x00000000e5000000| Untracked 
|  81|0x00000000e5100000, 0x00000000e5200000, 0x00000000e5200000|100%| O|  |TAMS 0x00000000e5200000, 0x00000000e5100000| Untracked 
|  82|0x00000000e5200000, 0x00000000e5300000, 0x00000000e5300000|100%| O|  |TAMS 0x00000000e5300000, 0x00000000e5200000| Untracked 
|  83|0x00000000e5300000, 0x00000000e5400000, 0x00000000e5400000|100%| O|  |TAMS 0x00000000e5400000, 0x00000000e5300000| Untracked 
|  84|0x00000000e5400000, 0x00000000e5500000, 0x00000000e5500000|100%| O|  |TAMS 0x00000000e5500000, 0x00000000e5400000| Untracked 
|  85|0x00000000e5500000, 0x00000000e5600000, 0x00000000e5600000|100%| O|  |TAMS 0x00000000e5600000, 0x00000000e5500000| Untracked 
|  86|0x00000000e5600000, 0x00000000e5700000, 0x00000000e5700000|100%| O|  |TAMS 0x00000000e5700000, 0x00000000e5600000| Untracked 
|  87|0x00000000e5700000, 0x00000000e5800000, 0x00000000e5800000|100%|HS|  |TAMS 0x00000000e5800000, 0x00000000e5700000| Complete 
|  88|0x00000000e5800000, 0x00000000e5900000, 0x00000000e5900000|100%|HC|  |TAMS 0x00000000e5900000, 0x00000000e5800000| Complete 
|  89|0x00000000e5900000, 0x00000000e5a00000, 0x00000000e5a00000|100%| O|  |TAMS 0x00000000e5a00000, 0x00000000e5900000| Untracked 
|  90|0x00000000e5a00000, 0x00000000e5b00000, 0x00000000e5b00000|100%| O|  |TAMS 0x00000000e5b00000, 0x00000000e5a00000| Untracked 
|  91|0x00000000e5b00000, 0x00000000e5c00000, 0x00000000e5c00000|100%| O|  |TAMS 0x00000000e5c00000, 0x00000000e5b00000| Untracked 
|  92|0x00000000e5c00000, 0x00000000e5d00000, 0x00000000e5d00000|100%| O|  |TAMS 0x00000000e5d00000, 0x00000000e5c00000| Untracked 
|  93|0x00000000e5d00000, 0x00000000e5e00000, 0x00000000e5e00000|100%| O|  |TAMS 0x00000000e5e00000, 0x00000000e5d00000| Untracked 
|  94|0x00000000e5e00000, 0x00000000e5f00000, 0x00000000e5f00000|100%| O|  |TAMS 0x00000000e5f00000, 0x00000000e5e00000| Untracked 
|  95|0x00000000e5f00000, 0x00000000e6000000, 0x00000000e6000000|100%| O|  |TAMS 0x00000000e6000000, 0x00000000e5f00000| Untracked 
|  96|0x00000000e6000000, 0x00000000e6100000, 0x00000000e6100000|100%| O|  |TAMS 0x00000000e6100000, 0x00000000e6000000| Untracked 
|  97|0x00000000e6100000, 0x00000000e6200000, 0x00000000e6200000|100%| O|  |TAMS 0x00000000e6200000, 0x00000000e6100000| Untracked 
|  98|0x00000000e6200000, 0x00000000e6300000, 0x00000000e6300000|100%| O|  |TAMS 0x00000000e6300000, 0x00000000e6200000| Untracked 
|  99|0x00000000e6300000, 0x00000000e6400000, 0x00000000e6400000|100%| O|  |TAMS 0x00000000e6300000, 0x00000000e6300000| Untracked 
| 100|0x00000000e6400000, 0x00000000e6500000, 0x00000000e6500000|100%| O|  |TAMS 0x00000000e6500000, 0x00000000e6400000| Untracked 
| 101|0x00000000e6500000, 0x00000000e6600000, 0x00000000e6600000|100%| O|  |TAMS 0x00000000e6600000, 0x00000000e6500000| Untracked 
| 102|0x00000000e6600000, 0x00000000e6700000, 0x00000000e6700000|100%| O|  |TAMS 0x00000000e6700000, 0x00000000e6600000| Untracked 
| 103|0x00000000e6700000, 0x00000000e6800000, 0x00000000e6800000|100%| O|  |TAMS 0x00000000e6800000, 0x00000000e6700000| Untracked 
| 104|0x00000000e6800000, 0x00000000e6900000, 0x00000000e6900000|100%| O|  |TAMS 0x00000000e6900000, 0x00000000e6800000| Untracked 
| 105|0x00000000e6900000, 0x00000000e6a00000, 0x00000000e6a00000|100%| O|  |TAMS 0x00000000e6a00000, 0x00000000e6900000| Untracked 
| 106|0x00000000e6a00000, 0x00000000e6b00000, 0x00000000e6b00000|100%| O|  |TAMS 0x00000000e6b00000, 0x00000000e6a00000| Untracked 
| 107|0x00000000e6b00000, 0x00000000e6c00000, 0x00000000e6c00000|100%| O|  |TAMS 0x00000000e6c00000, 0x00000000e6b00000| Untracked 
| 108|0x00000000e6c00000, 0x00000000e6d00000, 0x00000000e6d00000|100%| O|  |TAMS 0x00000000e6c00000, 0x00000000e6c00000| Untracked 
| 109|0x00000000e6d00000, 0x00000000e6e00000, 0x00000000e6e00000|100%| O|  |TAMS 0x00000000e6e00000, 0x00000000e6d00000| Untracked 
| 110|0x00000000e6e00000, 0x00000000e6f00000, 0x00000000e6f00000|100%| O|  |TAMS 0x00000000e6f00000, 0x00000000e6e00000| Untracked 
| 111|0x00000000e6f00000, 0x00000000e7000000, 0x00000000e7000000|100%| O|  |TAMS 0x00000000e7000000, 0x00000000e6f00000| Untracked 
| 112|0x00000000e7000000, 0x00000000e7100000, 0x00000000e7100000|100%| O|  |TAMS 0x00000000e7100000, 0x00000000e7000000| Untracked 
| 113|0x00000000e7100000, 0x00000000e7200000, 0x00000000e7200000|100%| O|  |TAMS 0x00000000e7200000, 0x00000000e7100000| Untracked 
| 114|0x00000000e7200000, 0x00000000e7300000, 0x00000000e7300000|100%| O|  |TAMS 0x00000000e7300000, 0x00000000e7200000| Untracked 
| 115|0x00000000e7300000, 0x00000000e7400000, 0x00000000e7400000|100%| O|  |TAMS 0x00000000e7400000, 0x00000000e7300000| Untracked 
| 116|0x00000000e7400000, 0x00000000e7500000, 0x00000000e7500000|100%| O|  |TAMS 0x00000000e7500000, 0x00000000e7400000| Untracked 
| 117|0x00000000e7500000, 0x00000000e7600000, 0x00000000e7600000|100%| O|  |TAMS 0x00000000e7600000, 0x00000000e7500000| Untracked 
| 118|0x00000000e7600000, 0x00000000e7700000, 0x00000000e7700000|100%| O|  |TAMS 0x00000000e7700000, 0x00000000e7600000| Untracked 
| 119|0x00000000e7700000, 0x00000000e7800000, 0x00000000e7800000|100%| O|  |TAMS 0x00000000e7800000, 0x00000000e7700000| Untracked 
| 120|0x00000000e7800000, 0x00000000e7900000, 0x00000000e7900000|100%| O|  |TAMS 0x00000000e7900000, 0x00000000e7800000| Untracked 
| 121|0x00000000e7900000, 0x00000000e7a00000, 0x00000000e7a00000|100%| O|  |TAMS 0x00000000e7a00000, 0x00000000e7900000| Untracked 
| 122|0x00000000e7a00000, 0x00000000e7b00000, 0x00000000e7b00000|100%| O|  |TAMS 0x00000000e7b00000, 0x00000000e7a00000| Untracked 
| 123|0x00000000e7b00000, 0x00000000e7c00000, 0x00000000e7c00000|100%| O|  |TAMS 0x00000000e7c00000, 0x00000000e7b00000| Untracked 
| 124|0x00000000e7c00000, 0x00000000e7d00000, 0x00000000e7d00000|100%| O|  |TAMS 0x00000000e7d00000, 0x00000000e7c00000| Untracked 
| 125|0x00000000e7d00000, 0x00000000e7e00000, 0x00000000e7e00000|100%| O|  |TAMS 0x00000000e7e00000, 0x00000000e7d00000| Untracked 
| 126|0x00000000e7e00000, 0x00000000e7f00000, 0x00000000e7f00000|100%| O|  |TAMS 0x00000000e7f00000, 0x00000000e7e00000| Untracked 
| 127|0x00000000e7f00000, 0x00000000e8000000, 0x00000000e8000000|100%| O|  |TAMS 0x00000000e8000000, 0x00000000e7f00000| Untracked 
| 128|0x00000000e8000000, 0x00000000e8100000, 0x00000000e8100000|100%| O|  |TAMS 0x00000000e8100000, 0x00000000e8000000| Untracked 
| 129|0x00000000e8100000, 0x00000000e8200000, 0x00000000e8200000|100%| O|  |TAMS 0x00000000e8200000, 0x00000000e8100000| Untracked 
| 130|0x00000000e8200000, 0x00000000e8290000, 0x00000000e8300000| 56%| O|  |TAMS 0x00000000e8200000, 0x00000000e8200000| Untracked 
| 131|0x00000000e8300000, 0x00000000e8400000, 0x00000000e8400000|100%| O|  |TAMS 0x00000000e8400000, 0x00000000e8300000| Untracked 
| 132|0x00000000e8400000, 0x00000000e8500000, 0x00000000e8500000|100%| O|  |TAMS 0x00000000e8500000, 0x00000000e8400000| Untracked 
| 133|0x00000000e8500000, 0x00000000e8600000, 0x00000000e8600000|100%| O|  |TAMS 0x00000000e8600000, 0x00000000e8500000| Untracked 
| 134|0x00000000e8600000, 0x00000000e8700000, 0x00000000e8700000|100%|HS|  |TAMS 0x00000000e8600000, 0x00000000e8600000| Complete 
| 135|0x00000000e8700000, 0x00000000e8800000, 0x00000000e8800000|100%| O|  |TAMS 0x00000000e8800000, 0x00000000e8700000| Untracked 
| 136|0x00000000e8800000, 0x00000000e8900000, 0x00000000e8900000|100%| O|  |TAMS 0x00000000e8900000, 0x00000000e8800000| Untracked 
| 137|0x00000000e8900000, 0x00000000e8a00000, 0x00000000e8a00000|100%| O|  |TAMS 0x00000000e8a00000, 0x00000000e8900000| Untracked 
| 138|0x00000000e8a00000, 0x00000000e8b00000, 0x00000000e8b00000|100%| O|  |TAMS 0x00000000e8b00000, 0x00000000e8a00000| Untracked 
| 139|0x00000000e8b00000, 0x00000000e8c00000, 0x00000000e8c00000|100%| O|  |TAMS 0x00000000e8c00000, 0x00000000e8b00000| Untracked 
| 140|0x00000000e8c00000, 0x00000000e8d00000, 0x00000000e8d00000|100%| O|  |TAMS 0x00000000e8d00000, 0x00000000e8c00000| Untracked 
| 141|0x00000000e8d00000, 0x00000000e8e00000, 0x00000000e8e00000|100%| O|  |TAMS 0x00000000e8e00000, 0x00000000e8d00000| Untracked 
| 142|0x00000000e8e00000, 0x00000000e8f00000, 0x00000000e8f00000|100%| O|  |TAMS 0x00000000e8f00000, 0x00000000e8e00000| Untracked 
| 143|0x00000000e8f00000, 0x00000000e9000000, 0x00000000e9000000|100%| O|  |TAMS 0x00000000e9000000, 0x00000000e8f00000| Untracked 
| 144|0x00000000e9000000, 0x00000000e9100000, 0x00000000e9100000|100%| O|  |TAMS 0x00000000e9100000, 0x00000000e9000000| Untracked 
| 145|0x00000000e9100000, 0x00000000e9200000, 0x00000000e9200000|100%| O|  |TAMS 0x00000000e9200000, 0x00000000e9100000| Untracked 
| 146|0x00000000e9200000, 0x00000000e9300000, 0x00000000e9300000|100%| O|  |TAMS 0x00000000e9300000, 0x00000000e9200000| Untracked 
| 147|0x00000000e9300000, 0x00000000e9400000, 0x00000000e9400000|100%| O|  |TAMS 0x00000000e9400000, 0x00000000e9300000| Untracked 
| 148|0x00000000e9400000, 0x00000000e9500000, 0x00000000e9500000|100%|HS|  |TAMS 0x00000000e9400000, 0x00000000e9400000| Complete 
| 149|0x00000000e9500000, 0x00000000e9500000, 0x00000000e9600000|  0%| F|  |TAMS 0x00000000e9500000, 0x00000000e9500000| Untracked 
| 150|0x00000000e9600000, 0x00000000e9600000, 0x00000000e9700000|  0%| F|  |TAMS 0x00000000e9600000, 0x00000000e9600000| Untracked 
| 151|0x00000000e9700000, 0x00000000e9800000, 0x00000000e9800000|100%| O|  |TAMS 0x00000000e9800000, 0x00000000e9700000| Untracked 
| 152|0x00000000e9800000, 0x00000000e9900000, 0x00000000e9900000|100%| O|  |TAMS 0x00000000e9900000, 0x00000000e9800000| Untracked 
| 153|0x00000000e9900000, 0x00000000e9a00000, 0x00000000e9a00000|100%| O|  |TAMS 0x00000000e9a00000, 0x00000000e9900000| Untracked 
| 154|0x00000000e9a00000, 0x00000000e9b00000, 0x00000000e9b00000|100%| O|  |TAMS 0x00000000e9b00000, 0x00000000e9a00000| Untracked 
| 155|0x00000000e9b00000, 0x00000000e9c00000, 0x00000000e9c00000|100%| O|  |TAMS 0x00000000e9c00000, 0x00000000e9b00000| Untracked 
| 156|0x00000000e9c00000, 0x00000000e9d00000, 0x00000000e9d00000|100%| O|  |TAMS 0x00000000e9d00000, 0x00000000e9c00000| Untracked 
| 157|0x00000000e9d00000, 0x00000000e9e00000, 0x00000000e9e00000|100%| O|  |TAMS 0x00000000e9e00000, 0x00000000e9d00000| Untracked 
| 158|0x00000000e9e00000, 0x00000000e9f00000, 0x00000000e9f00000|100%| O|  |TAMS 0x00000000e9f00000, 0x00000000e9e00000| Untracked 
| 159|0x00000000e9f00000, 0x00000000ea000000, 0x00000000ea000000|100%| O|  |TAMS 0x00000000ea000000, 0x00000000e9f00000| Untracked 
| 160|0x00000000ea000000, 0x00000000ea100000, 0x00000000ea100000|100%| O|  |TAMS 0x00000000ea100000, 0x00000000ea000000| Untracked 
| 161|0x00000000ea100000, 0x00000000ea200000, 0x00000000ea200000|100%| O|  |TAMS 0x00000000ea1f3000, 0x00000000ea100000| Untracked 
| 162|0x00000000ea200000, 0x00000000ea200000, 0x00000000ea300000|  0%| F|  |TAMS 0x00000000ea200000, 0x00000000ea200000| Untracked 
| 163|0x00000000ea300000, 0x00000000ea300000, 0x00000000ea400000|  0%| F|  |TAMS 0x00000000ea300000, 0x00000000ea300000| Untracked 
| 164|0x00000000ea400000, 0x00000000ea400000, 0x00000000ea500000|  0%| F|  |TAMS 0x00000000ea400000, 0x00000000ea400000| Untracked 
| 165|0x00000000ea500000, 0x00000000ea500000, 0x00000000ea600000|  0%| F|  |TAMS 0x00000000ea500000, 0x00000000ea500000| Untracked 
| 166|0x00000000ea600000, 0x00000000ea600000, 0x00000000ea700000|  0%| F|  |TAMS 0x00000000ea600000, 0x00000000ea600000| Untracked 
| 167|0x00000000ea700000, 0x00000000ea700000, 0x00000000ea800000|  0%| F|  |TAMS 0x00000000ea700000, 0x00000000ea700000| Untracked 
| 168|0x00000000ea800000, 0x00000000ea900000, 0x00000000ea900000|100%| O|  |TAMS 0x00000000ea900000, 0x00000000ea800000| Untracked 
| 169|0x00000000ea900000, 0x00000000ea900000, 0x00000000eaa00000|  0%| F|  |TAMS 0x00000000ea900000, 0x00000000ea900000| Untracked 
| 170|0x00000000eaa00000, 0x00000000eaa00000, 0x00000000eab00000|  0%| F|  |TAMS 0x00000000eaa00000, 0x00000000eaa00000| Untracked 
| 171|0x00000000eab00000, 0x00000000eab00000, 0x00000000eac00000|  0%| F|  |TAMS 0x00000000eab00000, 0x00000000eab00000| Untracked 
| 172|0x00000000eac00000, 0x00000000eac00000, 0x00000000ead00000|  0%| F|  |TAMS 0x00000000eac00000, 0x00000000eac00000| Untracked 
| 173|0x00000000ead00000, 0x00000000ead00000, 0x00000000eae00000|  0%| F|  |TAMS 0x00000000ead00000, 0x00000000ead00000| Untracked 
| 174|0x00000000eae00000, 0x00000000eae00000, 0x00000000eaf00000|  0%| F|  |TAMS 0x00000000eae00000, 0x00000000eae00000| Untracked 
| 175|0x00000000eaf00000, 0x00000000eaf00000, 0x00000000eb000000|  0%| F|  |TAMS 0x00000000eaf00000, 0x00000000eaf00000| Untracked 
| 176|0x00000000eb000000, 0x00000000eb000000, 0x00000000eb100000|  0%| F|  |TAMS 0x00000000eb000000, 0x00000000eb000000| Untracked 
| 177|0x00000000eb100000, 0x00000000eb100000, 0x00000000eb200000|  0%| F|  |TAMS 0x00000000eb100000, 0x00000000eb100000| Untracked 
| 178|0x00000000eb200000, 0x00000000eb300000, 0x00000000eb300000|100%| O|  |TAMS 0x00000000eb300000, 0x00000000eb200000| Untracked 
| 179|0x00000000eb300000, 0x00000000eb400000, 0x00000000eb400000|100%| O|  |TAMS 0x00000000eb400000, 0x00000000eb300000| Untracked 
| 180|0x00000000eb400000, 0x00000000eb500000, 0x00000000eb500000|100%| O|  |TAMS 0x00000000eb500000, 0x00000000eb400000| Untracked 
| 181|0x00000000eb500000, 0x00000000eb600000, 0x00000000eb600000|100%| O|  |TAMS 0x00000000eb600000, 0x00000000eb500000| Untracked 
| 182|0x00000000eb600000, 0x00000000eb700000, 0x00000000eb700000|100%| O|  |TAMS 0x00000000eb700000, 0x00000000eb600000| Untracked 
| 183|0x00000000eb700000, 0x00000000eb700000, 0x00000000eb800000|  0%| F|  |TAMS 0x00000000eb700000, 0x00000000eb700000| Untracked 
| 184|0x00000000eb800000, 0x00000000eb800000, 0x00000000eb900000|  0%| F|  |TAMS 0x00000000eb800000, 0x00000000eb800000| Untracked 
| 185|0x00000000eb900000, 0x00000000eb900000, 0x00000000eba00000|  0%| F|  |TAMS 0x00000000eb900000, 0x00000000eb900000| Untracked 
| 186|0x00000000eba00000, 0x00000000eba00000, 0x00000000ebb00000|  0%| F|  |TAMS 0x00000000eba00000, 0x00000000eba00000| Untracked 
| 187|0x00000000ebb00000, 0x00000000ebb00000, 0x00000000ebc00000|  0%| F|  |TAMS 0x00000000ebb00000, 0x00000000ebb00000| Untracked 
| 188|0x00000000ebc00000, 0x00000000ebc00000, 0x00000000ebd00000|  0%| F|  |TAMS 0x00000000ebc00000, 0x00000000ebc00000| Untracked 
| 189|0x00000000ebd00000, 0x00000000ebd00000, 0x00000000ebe00000|  0%| F|  |TAMS 0x00000000ebd00000, 0x00000000ebd00000| Untracked 
| 190|0x00000000ebe00000, 0x00000000ebe00000, 0x00000000ebf00000|  0%| F|  |TAMS 0x00000000ebe00000, 0x00000000ebe00000| Untracked 
| 191|0x00000000ebf00000, 0x00000000ebf00000, 0x00000000ec000000|  0%| F|  |TAMS 0x00000000ebf00000, 0x00000000ebf00000| Untracked 
| 192|0x00000000ec000000, 0x00000000ec000000, 0x00000000ec100000|  0%| F|  |TAMS 0x00000000ec000000, 0x00000000ec000000| Untracked 
| 193|0x00000000ec100000, 0x00000000ec100000, 0x00000000ec200000|  0%| F|  |TAMS 0x00000000ec100000, 0x00000000ec100000| Untracked 
| 194|0x00000000ec200000, 0x00000000ec200000, 0x00000000ec300000|  0%| F|  |TAMS 0x00000000ec200000, 0x00000000ec200000| Untracked 
| 195|0x00000000ec300000, 0x00000000ec300000, 0x00000000ec400000|  0%| F|  |TAMS 0x00000000ec300000, 0x00000000ec300000| Untracked 
| 196|0x00000000ec400000, 0x00000000ec400000, 0x00000000ec500000|  0%| F|  |TAMS 0x00000000ec400000, 0x00000000ec400000| Untracked 
| 197|0x00000000ec500000, 0x00000000ec5a7538, 0x00000000ec600000| 65%| S|CS|TAMS 0x00000000ec500000, 0x00000000ec500000| Complete 
| 198|0x00000000ec600000, 0x00000000ec700000, 0x00000000ec700000|100%| S|CS|TAMS 0x00000000ec600000, 0x00000000ec600000| Complete 
| 199|0x00000000ec700000, 0x00000000ec700000, 0x00000000ec800000|  0%| F|  |TAMS 0x00000000ec700000, 0x00000000ec700000| Untracked 
| 200|0x00000000ec800000, 0x00000000ec900000, 0x00000000ec900000|100%| S|CS|TAMS 0x00000000ec800000, 0x00000000ec800000| Complete 
| 201|0x00000000ec900000, 0x00000000eca00000, 0x00000000eca00000|100%| S|CS|TAMS 0x00000000ec900000, 0x00000000ec900000| Complete 
| 202|0x00000000eca00000, 0x00000000eca00000, 0x00000000ecb00000|  0%| F|  |TAMS 0x00000000eca00000, 0x00000000eca00000| Untracked 
| 203|0x00000000ecb00000, 0x00000000ecb00000, 0x00000000ecc00000|  0%| F|  |TAMS 0x00000000ecb00000, 0x00000000ecb00000| Untracked 
| 204|0x00000000ecc00000, 0x00000000ecc00000, 0x00000000ecd00000|  0%| F|  |TAMS 0x00000000ecc00000, 0x00000000ecc00000| Untracked 
| 205|0x00000000ecd00000, 0x00000000ecd00000, 0x00000000ece00000|  0%| F|  |TAMS 0x00000000ecd00000, 0x00000000ecd00000| Untracked 
| 206|0x00000000ece00000, 0x00000000ece00000, 0x00000000ecf00000|  0%| F|  |TAMS 0x00000000ece00000, 0x00000000ece00000| Untracked 
| 207|0x00000000ecf00000, 0x00000000ecfde8d0, 0x00000000ed000000| 86%| E|  |TAMS 0x00000000ecf00000, 0x00000000ecf00000| Complete 
| 208|0x00000000ed000000, 0x00000000ed100000, 0x00000000ed100000|100%| E|CS|TAMS 0x00000000ed000000, 0x00000000ed000000| Complete 
| 209|0x00000000ed100000, 0x00000000ed200000, 0x00000000ed200000|100%| E|CS|TAMS 0x00000000ed100000, 0x00000000ed100000| Complete 
| 210|0x00000000ed200000, 0x00000000ed300000, 0x00000000ed300000|100%| E|CS|TAMS 0x00000000ed200000, 0x00000000ed200000| Complete 
| 211|0x00000000ed300000, 0x00000000ed400000, 0x00000000ed400000|100%| E|CS|TAMS 0x00000000ed300000, 0x00000000ed300000| Complete 
| 212|0x00000000ed400000, 0x00000000ed500000, 0x00000000ed500000|100%| E|CS|TAMS 0x00000000ed400000, 0x00000000ed400000| Complete 
| 213|0x00000000ed500000, 0x00000000ed600000, 0x00000000ed600000|100%| E|CS|TAMS 0x00000000ed500000, 0x00000000ed500000| Complete 
| 214|0x00000000ed600000, 0x00000000ed700000, 0x00000000ed700000|100%| E|CS|TAMS 0x00000000ed600000, 0x00000000ed600000| Complete 
| 215|0x00000000ed700000, 0x00000000ed800000, 0x00000000ed800000|100%| E|CS|TAMS 0x00000000ed700000, 0x00000000ed700000| Complete 
| 216|0x00000000ed800000, 0x00000000ed900000, 0x00000000ed900000|100%| E|CS|TAMS 0x00000000ed800000, 0x00000000ed800000| Complete 
| 217|0x00000000ed900000, 0x00000000eda00000, 0x00000000eda00000|100%| E|CS|TAMS 0x00000000ed900000, 0x00000000ed900000| Complete 
| 218|0x00000000eda00000, 0x00000000edb00000, 0x00000000edb00000|100%| E|CS|TAMS 0x00000000eda00000, 0x00000000eda00000| Complete 
| 219|0x00000000edb00000, 0x00000000edc00000, 0x00000000edc00000|100%| E|CS|TAMS 0x00000000edb00000, 0x00000000edb00000| Complete 
| 220|0x00000000edc00000, 0x00000000edd00000, 0x00000000edd00000|100%| E|CS|TAMS 0x00000000edc00000, 0x00000000edc00000| Complete 
| 221|0x00000000edd00000, 0x00000000ede00000, 0x00000000ede00000|100%| E|CS|TAMS 0x00000000edd00000, 0x00000000edd00000| Complete 
| 222|0x00000000ede00000, 0x00000000edf00000, 0x00000000edf00000|100%| E|CS|TAMS 0x00000000ede00000, 0x00000000ede00000| Complete 
| 223|0x00000000edf00000, 0x00000000ee000000, 0x00000000ee000000|100%| E|CS|TAMS 0x00000000edf00000, 0x00000000edf00000| Complete 
| 224|0x00000000ee000000, 0x00000000ee100000, 0x00000000ee100000|100%| E|CS|TAMS 0x00000000ee000000, 0x00000000ee000000| Complete 
| 225|0x00000000ee100000, 0x00000000ee200000, 0x00000000ee200000|100%| E|  |TAMS 0x00000000ee100000, 0x00000000ee100000| Complete 
| 226|0x00000000ee200000, 0x00000000ee300000, 0x00000000ee300000|100%| E|CS|TAMS 0x00000000ee200000, 0x00000000ee200000| Complete 
| 227|0x00000000ee300000, 0x00000000ee400000, 0x00000000ee400000|100%| E|CS|TAMS 0x00000000ee300000, 0x00000000ee300000| Complete 
| 228|0x00000000ee400000, 0x00000000ee500000, 0x00000000ee500000|100%| E|CS|TAMS 0x00000000ee400000, 0x00000000ee400000| Complete 
| 229|0x00000000ee500000, 0x00000000ee600000, 0x00000000ee600000|100%| E|CS|TAMS 0x00000000ee500000, 0x00000000ee500000| Complete 
| 230|0x00000000ee600000, 0x00000000ee700000, 0x00000000ee700000|100%| E|CS|TAMS 0x00000000ee600000, 0x00000000ee600000| Complete 
| 231|0x00000000ee700000, 0x00000000ee800000, 0x00000000ee800000|100%| E|CS|TAMS 0x00000000ee700000, 0x00000000ee700000| Complete 
| 232|0x00000000ee800000, 0x00000000ee900000, 0x00000000ee900000|100%| E|CS|TAMS 0x00000000ee800000, 0x00000000ee800000| Complete 
| 233|0x00000000ee900000, 0x00000000eea00000, 0x00000000eea00000|100%| E|CS|TAMS 0x00000000ee900000, 0x00000000ee900000| Complete 
| 234|0x00000000eea00000, 0x00000000eeb00000, 0x00000000eeb00000|100%| E|CS|TAMS 0x00000000eea00000, 0x00000000eea00000| Complete 
| 235|0x00000000eeb00000, 0x00000000eec00000, 0x00000000eec00000|100%| E|CS|TAMS 0x00000000eeb00000, 0x00000000eeb00000| Complete 
| 236|0x00000000eec00000, 0x00000000eed00000, 0x00000000eed00000|100%| E|CS|TAMS 0x00000000eec00000, 0x00000000eec00000| Complete 
| 237|0x00000000eed00000, 0x00000000eee00000, 0x00000000eee00000|100%| E|CS|TAMS 0x00000000eed00000, 0x00000000eed00000| Complete 
| 238|0x00000000eee00000, 0x00000000eef00000, 0x00000000eef00000|100%| E|CS|TAMS 0x00000000eee00000, 0x00000000eee00000| Complete 
| 239|0x00000000eef00000, 0x00000000ef000000, 0x00000000ef000000|100%| E|CS|TAMS 0x00000000eef00000, 0x00000000eef00000| Complete 
| 240|0x00000000ef000000, 0x00000000ef100000, 0x00000000ef100000|100%| E|CS|TAMS 0x00000000ef000000, 0x00000000ef000000| Complete 
| 241|0x00000000ef100000, 0x00000000ef200000, 0x00000000ef200000|100%| E|CS|TAMS 0x00000000ef100000, 0x00000000ef100000| Complete 
| 242|0x00000000ef200000, 0x00000000ef300000, 0x00000000ef300000|100%| E|CS|TAMS 0x00000000ef200000, 0x00000000ef200000| Complete 
| 243|0x00000000ef300000, 0x00000000ef400000, 0x00000000ef400000|100%| E|CS|TAMS 0x00000000ef300000, 0x00000000ef300000| Complete 
| 244|0x00000000ef400000, 0x00000000ef500000, 0x00000000ef500000|100%| E|CS|TAMS 0x00000000ef400000, 0x00000000ef400000| Complete 
| 245|0x00000000ef500000, 0x00000000ef600000, 0x00000000ef600000|100%| E|CS|TAMS 0x00000000ef500000, 0x00000000ef500000| Complete 
| 246|0x00000000ef600000, 0x00000000ef700000, 0x00000000ef700000|100%| E|CS|TAMS 0x00000000ef600000, 0x00000000ef600000| Complete 
| 247|0x00000000ef700000, 0x00000000ef800000, 0x00000000ef800000|100%| E|CS|TAMS 0x00000000ef700000, 0x00000000ef700000| Complete 
| 248|0x00000000ef800000, 0x00000000ef900000, 0x00000000ef900000|100%| E|CS|TAMS 0x00000000ef800000, 0x00000000ef800000| Complete 
| 249|0x00000000ef900000, 0x00000000efa00000, 0x00000000efa00000|100%| E|CS|TAMS 0x00000000ef900000, 0x00000000ef900000| Complete 
| 250|0x00000000efa00000, 0x00000000efb00000, 0x00000000efb00000|100%| E|CS|TAMS 0x00000000efa00000, 0x00000000efa00000| Complete 
| 251|0x00000000efb00000, 0x00000000efc00000, 0x00000000efc00000|100%| E|CS|TAMS 0x00000000efb00000, 0x00000000efb00000| Complete 
| 252|0x00000000efc00000, 0x00000000efd00000, 0x00000000efd00000|100%| E|CS|TAMS 0x00000000efc00000, 0x00000000efc00000| Complete 
| 253|0x00000000efd00000, 0x00000000efe00000, 0x00000000efe00000|100%| E|CS|TAMS 0x00000000efd00000, 0x00000000efd00000| Complete 
| 254|0x00000000efe00000, 0x00000000eff00000, 0x00000000eff00000|100%| E|CS|TAMS 0x00000000efe00000, 0x00000000efe00000| Complete 
| 255|0x00000000eff00000, 0x00000000f0000000, 0x00000000f0000000|100%| E|CS|TAMS 0x00000000eff00000, 0x00000000eff00000| Complete 

Card table byte_map: [0x0000020f4cfa0000,0x0000020f4d0a0000] _byte_map_base: 0x0000020f4c8a0000

Marking Bits (Prev, Next): (CMBitMap*) 0x0000020f3a205318, (CMBitMap*) 0x0000020f3a205350
 Prev Bits: [0x0000020f4d1a0000, 0x0000020f4d9a0000)
 Next Bits: [0x0000020f4d9a0000, 0x0000020f4e1a0000)

Polling page: 0x0000020f38180000

Metaspace:

Usage:
  Non-class:     81.72 MB capacity,    80.46 MB ( 98%) used,     1.07 MB (  1%) free+waste,   202.88 KB ( <1%) overhead. 
      Class:     11.78 MB capacity,    11.08 MB ( 94%) used,   630.80 KB (  5%) free+waste,    88.06 KB ( <1%) overhead. 
       Both:     93.50 MB capacity,    91.53 MB ( 98%) used,     1.68 MB (  2%) free+waste,   290.94 KB ( <1%) overhead. 

Virtual space:
  Non-class space:       82.00 MB reserved,      81.74 MB (>99%) committed 
      Class space:      248.00 MB reserved,      11.88 MB (  5%) committed 
             Both:      330.00 MB reserved,      93.62 MB ( 28%) committed 

Chunk freelists:
   Non-Class:  22.00 KB
       Class:  3.00 KB
        Both:  25.00 KB

MaxMetaspaceSize: 256.00 MB
CompressedClassSpaceSize: 248.00 MB

CodeHeap 'non-profiled nmethods': size=120000Kb used=13129Kb max_used=13129Kb free=106870Kb
 bounds [0x0000020f45630000, 0x0000020f46320000, 0x0000020f4cb60000]
CodeHeap 'profiled nmethods': size=120000Kb used=33593Kb max_used=34774Kb free=86406Kb
 bounds [0x0000020f3e100000, 0x0000020f40380000, 0x0000020f45630000]
CodeHeap 'non-nmethods': size=5760Kb used=2312Kb max_used=2392Kb free=3447Kb
 bounds [0x0000020f3db60000, 0x0000020f3ddd0000, 0x0000020f3e100000]
 total_blobs=15227 nmethods=14301 adapters=836
 compilation: enabled
              stopped_count=0, restarted_count=0
 full_count=0

Compilation events (20 events):
Event: 80.078 Thread 0x0000020f51572800 16786       3       java.io.ObjectOutputStream$BlockDataOutputStream::writeShort (47 bytes)
Event: 80.079 Thread 0x0000020f51572800 nmethod 16786 0x0000020f3e665090 code [0x0000020f3e665280, 0x0000020f3e665758]
Event: 80.079 Thread 0x0000020f51572800 16784   !   3       java.io.ObjectOutputStream::writeObject (38 bytes)
Event: 80.079 Thread 0x0000020f51572800 nmethod 16784 0x0000020f3e5d9490 code [0x0000020f3e5d9660, 0x0000020f3e5d9978]
Event: 80.081 Thread 0x0000020f51572800 16787       3       org.gradle.execution.plan.DefaultExecutionPlan::allProjectsLocked (50 bytes)
Event: 80.082 Thread 0x0000020f51572800 nmethod 16787 0x0000020f3e738190 code [0x0000020f3e7383a0, 0x0000020f3e738a48]
Event: 80.095 Thread 0x0000020f51564800 nmethod 16767 0x0000020f45dc8710 code [0x0000020f45dc8a40, 0x0000020f45dcb2b0]
Event: 80.095 Thread 0x0000020f51564800 16774       4       org.gradle.internal.fingerprint.impl.AbsolutePathFingerprintingStrategy$1::visit (65 bytes)
Event: 80.108 Thread 0x0000020f5a4ef800 nmethod 16769 0x0000020f46318590 code [0x0000020f463188c0, 0x0000020f4631b170]
Event: 80.108 Thread 0x0000020f5a4ef800 16778       4       java.io.Bits::putInt (36 bytes)
Event: 80.108 Thread 0x0000020f51572800 16788       3       org.gradle.internal.execution.steps.RecordOutputsStep::execute (6 bytes)
Event: 80.109 Thread 0x0000020f51572800 nmethod 16788 0x0000020f3e6f7010 code [0x0000020f3e6f7200, 0x0000020f3e6f7658]
Event: 80.109 Thread 0x0000020f5a4ef800 nmethod 16778 0x0000020f45c4c210 code [0x0000020f45c4c3a0, 0x0000020f45c4c478]
Event: 80.109 Thread 0x0000020f5a4ef800 16785       4       java.lang.reflect.Method::invoke (65 bytes)
Event: 80.116 Thread 0x0000020f5a4ef800 nmethod 16785 0x0000020f45c51f90 code [0x0000020f45c52160, 0x0000020f45c525b0]
Event: 80.116 Thread 0x0000020f5a4ef800 16776       4       org.gradle.internal.fingerprint.impl.FingerprintMapSerializer::writeFingerprint (147 bytes)
Event: 80.138 Thread 0x0000020f51572800 16789       3       org.gradle.internal.serialize.DefaultSerializerRegistry$TaggedTypeSerializer::write (31 bytes)
Event: 80.138 Thread 0x0000020f51572800 nmethod 16789 0x0000020f3e66c190 code [0x0000020f3e66c380, 0x0000020f3e66c688]
Event: 80.146 Thread 0x0000020f51572800 16790       3       org.gradle.internal.fingerprint.impl.DefaultCurrentFileCollectionFingerprint::from (60 bytes)
Event: 80.146 Thread 0x0000020f51572800 nmethod 16790 0x0000020f3e7a0610 code [0x0000020f3e7a0820, 0x0000020f3e7a0f38]

GC Heap History (20 events):
Event: 73.449 GC heap before
{Heap before GC invocations=41 (full 0):
 garbage-first heap   total 262144K, used 206323K [0x00000000e0000000, 0x0000000100000000)
  region size 1024K, 43 young (44032K), 1 survivors (1024K)
 Metaspace       used 93433K, capacity 95520K, committed 95864K, reserved 337920K
  class space    used 11328K, capacity 12056K, committed 12160K, reserved 253952K
}
Event: 73.458 GC heap after
{Heap after GC invocations=42 (full 0):
 garbage-first heap   total 262144K, used 164359K [0x00000000e0000000, 0x0000000100000000)
  region size 1024K, 2 young (2048K), 2 survivors (2048K)
 Metaspace       used 93433K, capacity 95520K, committed 95864K, reserved 337920K
  class space    used 11328K, capacity 12056K, committed 12160K, reserved 253952K
}
Event: 74.343 GC heap before
{Heap before GC invocations=43 (full 0):
 garbage-first heap   total 262144K, used 209415K [0x00000000e0000000, 0x0000000100000000)
  region size 1024K, 46 young (47104K), 2 survivors (2048K)
 Metaspace       used 93487K, capacity 95520K, committed 95864K, reserved 337920K
  class space    used 11331K, capacity 12056K, committed 12160K, reserved 253952K
}
Event: 74.352 GC heap after
{Heap after GC invocations=44 (full 0):
 garbage-first heap   total 262144K, used 165538K [0x00000000e0000000, 0x0000000100000000)
  region size 1024K, 3 young (3072K), 3 survivors (3072K)
 Metaspace       used 93487K, capacity 95520K, committed 95864K, reserved 337920K
  class space    used 11331K, capacity 12056K, committed 12160K, reserved 253952K
}
Event: 74.445 GC heap before
{Heap before GC invocations=44 (full 0):
 garbage-first heap   total 262144K, used 174754K [0x00000000e0000000, 0x0000000100000000)
  region size 1024K, 12 young (12288K), 3 survivors (3072K)
 Metaspace       used 93492K, capacity 95520K, committed 95864K, reserved 337920K
  class space    used 11331K, capacity 12056K, committed 12160K, reserved 253952K
}
Event: 74.453 GC heap after
{Heap after GC invocations=45 (full 0):
 garbage-first heap   total 262144K, used 164928K [0x00000000e0000000, 0x0000000100000000)
  region size 1024K, 1 young (1024K), 1 survivors (1024K)
 Metaspace       used 93492K, capacity 95520K, committed 95864K, reserved 337920K
  class space    used 11331K, capacity 12056K, committed 12160K, reserved 253952K
}
Event: 75.092 GC heap before
{Heap before GC invocations=45 (full 0):
 garbage-first heap   total 262144K, used 212032K [0x00000000e0000000, 0x0000000100000000)
  region size 1024K, 47 young (48128K), 1 survivors (1024K)
 Metaspace       used 93528K, capacity 95587K, committed 95864K, reserved 337920K
  class space    used 11331K, capacity 12056K, committed 12160K, reserved 253952K
}
Event: 75.097 GC heap after
{Heap after GC invocations=46 (full 0):
 garbage-first heap   total 262144K, used 166013K [0x00000000e0000000, 0x0000000100000000)
  region size 1024K, 2 young (2048K), 2 survivors (2048K)
 Metaspace       used 93528K, capacity 95587K, committed 95864K, reserved 337920K
  class space    used 11331K, capacity 12056K, committed 12160K, reserved 253952K
}
Event: 76.676 GC heap before
{Heap before GC invocations=46 (full 0):
 garbage-first heap   total 262144K, used 214141K [0x00000000e0000000, 0x0000000100000000)
  region size 1024K, 49 young (50176K), 2 survivors (2048K)
 Metaspace       used 93570K, capacity 95587K, committed 95864K, reserved 337920K
  class space    used 11331K, capacity 12056K, committed 12160K, reserved 253952K
}
Event: 76.685 GC heap after
{Heap after GC invocations=47 (full 0):
 garbage-first heap   total 262144K, used 167581K [0x00000000e0000000, 0x0000000100000000)
  region size 1024K, 4 young (4096K), 4 survivors (4096K)
 Metaspace       used 93570K, capacity 95587K, committed 95864K, reserved 337920K
  class space    used 11331K, capacity 12056K, committed 12160K, reserved 253952K
}
Event: 77.306 GC heap before
{Heap before GC invocations=47 (full 0):
 garbage-first heap   total 262144K, used 216733K [0x00000000e0000000, 0x0000000100000000)
  region size 1024K, 52 young (53248K), 4 survivors (4096K)
 Metaspace       used 93601K, capacity 95653K, committed 95864K, reserved 337920K
  class space    used 11331K, capacity 12056K, committed 12160K, reserved 253952K
}
Event: 77.316 GC heap after
{Heap after GC invocations=48 (full 0):
 garbage-first heap   total 262144K, used 168328K [0x00000000e0000000, 0x0000000100000000)
  region size 1024K, 4 young (4096K), 4 survivors (4096K)
 Metaspace       used 93601K, capacity 95653K, committed 95864K, reserved 337920K
  class space    used 11331K, capacity 12056K, committed 12160K, reserved 253952K
}
Event: 77.743 GC heap before
{Heap before GC invocations=48 (full 0):
 garbage-first heap   total 262144K, used 218504K [0x00000000e0000000, 0x0000000100000000)
  region size 1024K, 53 young (54272K), 4 survivors (4096K)
 Metaspace       used 93613K, capacity 95655K, committed 95864K, reserved 337920K
  class space    used 11331K, capacity 12056K, committed 12160K, reserved 253952K
}
Event: 77.752 GC heap after
{Heap after GC invocations=49 (full 0):
 garbage-first heap   total 262144K, used 169076K [0x00000000e0000000, 0x0000000100000000)
  region size 1024K, 5 young (5120K), 5 survivors (5120K)
 Metaspace       used 93613K, capacity 95655K, committed 95864K, reserved 337920K
  class space    used 11331K, capacity 12056K, committed 12160K, reserved 253952K
}
Event: 78.064 GC heap before
{Heap before GC invocations=49 (full 0):
 garbage-first heap   total 262144K, used 220276K [0x00000000e0000000, 0x0000000100000000)
  region size 1024K, 55 young (56320K), 5 survivors (5120K)
 Metaspace       used 93614K, capacity 95655K, committed 95864K, reserved 337920K
  class space    used 11331K, capacity 12056K, committed 12160K, reserved 253952K
}
Event: 78.075 GC heap after
{Heap after GC invocations=50 (full 0):
 garbage-first heap   total 262144K, used 169979K [0x00000000e0000000, 0x0000000100000000)
  region size 1024K, 4 young (4096K), 4 survivors (4096K)
 Metaspace       used 93614K, capacity 95655K, committed 95864K, reserved 337920K
  class space    used 11331K, capacity 12056K, committed 12160K, reserved 253952K
}
Event: 78.555 GC heap before
{Heap before GC invocations=50 (full 0):
 garbage-first heap   total 262144K, used 222203K [0x00000000e0000000, 0x0000000100000000)
  region size 1024K, 55 young (56320K), 4 survivors (4096K)
 Metaspace       used 93620K, capacity 95655K, committed 95864K, reserved 337920K
  class space    used 11331K, capacity 12056K, committed 12160K, reserved 253952K
}
Event: 78.572 GC heap after
{Heap after GC invocations=51 (full 0):
 garbage-first heap   total 262144K, used 170456K [0x00000000e0000000, 0x0000000100000000)
  region size 1024K, 3 young (3072K), 3 survivors (3072K)
 Metaspace       used 93620K, capacity 95655K, committed 95864K, reserved 337920K
  class space    used 11331K, capacity 12056K, committed 12160K, reserved 253952K
}
Event: 79.289 GC heap before
{Heap before GC invocations=51 (full 0):
 garbage-first heap   total 262144K, used 223704K [0x00000000e0000000, 0x0000000100000000)
  region size 1024K, 55 young (56320K), 3 survivors (3072K)
 Metaspace       used 93628K, capacity 95655K, committed 95864K, reserved 337920K
  class space    used 11331K, capacity 12056K, committed 12160K, reserved 253952K
}
Event: 79.299 GC heap after
{Heap after GC invocations=52 (full 0):
 garbage-first heap   total 262144K, used 171229K [0x00000000e0000000, 0x0000000100000000)
  region size 1024K, 4 young (4096K), 4 survivors (4096K)
 Metaspace       used 93628K, capacity 95655K, committed 95864K, reserved 337920K
  class space    used 11331K, capacity 12056K, committed 12160K, reserved 253952K
}

Deoptimization events (20 events):
Event: 79.619 Thread 0x0000020f53c6d000 Uncommon trap: trap_request=0xffffffde fr.pc=0x0000020f461403f8 relative=0x00000000000023b8
Event: 79.619 Thread 0x0000020f53c6d000 Uncommon trap: reason=class_check action=maybe_recompile pc=0x0000020f461403f8 method=com.sun.tools.javac.jvm.Items$StaticItem.invoke()Lcom/sun/tools/javac/jvm/Items$Item; @ 11 c2
Event: 79.619 Thread 0x0000020f53c6d000 DEOPT PACKING pc=0x0000020f461403f8 sp=0x0000005aa98f9df0
Event: 79.619 Thread 0x0000020f53c6d000 DEOPT UNPACKING pc=0x0000020f3db874af sp=0x0000005aa98f9d90 mode 2
Event: 79.620 Thread 0x0000020f53c6d000 Uncommon trap: trap_request=0xffffffc6 fr.pc=0x0000020f462bb910 relative=0x00000000000028f0
Event: 79.620 Thread 0x0000020f53c6d000 Uncommon trap: reason=bimorphic_or_optimized_type_check action=maybe_recompile pc=0x0000020f462bb910 method=com.sun.tools.javac.jvm.Items$StaticItem.<init>(Lcom/sun/tools/javac/jvm/Items;Lcom/sun/tools/javac/code/Symbol;)V @ 12 c2
Event: 79.620 Thread 0x0000020f53c6d000 DEOPT PACKING pc=0x0000020f462bb910 sp=0x0000005aa98f9c80
Event: 79.620 Thread 0x0000020f53c6d000 DEOPT UNPACKING pc=0x0000020f3db874af sp=0x0000005aa98f9b70 mode 2
Event: 79.620 Thread 0x0000020f53c6d000 Uncommon trap: trap_request=0xffffffde fr.pc=0x0000020f461403f8 relative=0x00000000000023b8
Event: 79.620 Thread 0x0000020f53c6d000 Uncommon trap: reason=class_check action=maybe_recompile pc=0x0000020f461403f8 method=com.sun.tools.javac.jvm.Items$StaticItem.invoke()Lcom/sun/tools/javac/jvm/Items$Item; @ 11 c2
Event: 79.620 Thread 0x0000020f53c6d000 DEOPT PACKING pc=0x0000020f461403f8 sp=0x0000005aa98f9de0
Event: 79.620 Thread 0x0000020f53c6d000 DEOPT UNPACKING pc=0x0000020f3db874af sp=0x0000005aa98f9d80 mode 2
Event: 80.072 Thread 0x0000020f524ab000 Uncommon trap: trap_request=0xffffff7e fr.pc=0x0000020f45da9de8 relative=0x00000000000007a8
Event: 80.072 Thread 0x0000020f524ab000 Uncommon trap: reason=predicate action=maybe_recompile pc=0x0000020f45da9de8 method=java.util.ComparableTimSort.binarySort([Ljava/lang/Object;III)V @ 34 c2
Event: 80.072 Thread 0x0000020f524ab000 DEOPT PACKING pc=0x0000020f45da9de8 sp=0x0000005aa81fbc40
Event: 80.072 Thread 0x0000020f524ab000 DEOPT UNPACKING pc=0x0000020f3db874af sp=0x0000005aa81fbbe8 mode 2
Event: 80.072 Thread 0x0000020f524ab000 Uncommon trap: trap_request=0xffffff7e fr.pc=0x0000020f45db9d20 relative=0x0000000000001a40
Event: 80.072 Thread 0x0000020f524ab000 Uncommon trap: reason=predicate action=maybe_recompile pc=0x0000020f45db9d20 method=java.util.TimSort.reverseRange([Ljava/lang/Object;II)V @ 5 c2
Event: 80.072 Thread 0x0000020f524ab000 DEOPT PACKING pc=0x0000020f45db9d20 sp=0x0000005aa81fbac0
Event: 80.072 Thread 0x0000020f524ab000 DEOPT UNPACKING pc=0x0000020f3db874af sp=0x0000005aa81fb980 mode 2

Classes redefined (0 events):
No events

Internal exceptions (20 events):
Event: 79.113 Thread 0x0000020f53c6d000 Exception <a 'sun/nio/fs/WindowsException'{0x00000000edc2b708}> (0x00000000edc2b708) thrown at [./src/hotspot/share/prims/jni.cpp, line 615]
Event: 79.180 Thread 0x0000020f53c6d000 Exception <a 'sun/nio/fs/WindowsException'{0x00000000ed68f8e0}> (0x00000000ed68f8e0) thrown at [./src/hotspot/share/prims/jni.cpp, line 615]
Event: 79.181 Thread 0x0000020f53c6d000 Exception <a 'sun/nio/fs/WindowsException'{0x00000000ed695190}> (0x00000000ed695190) thrown at [./src/hotspot/share/prims/jni.cpp, line 615]
Event: 79.195 Thread 0x0000020f53c6d000 Exception <a 'sun/nio/fs/WindowsException'{0x00000000ed51b3c8}> (0x00000000ed51b3c8) thrown at [./src/hotspot/share/prims/jni.cpp, line 615]
Event: 79.199 Thread 0x0000020f53c6d000 Exception <a 'sun/nio/fs/WindowsException'{0x00000000ed5477f0}> (0x00000000ed5477f0) thrown at [./src/hotspot/share/prims/jni.cpp, line 615]
Event: 79.225 Thread 0x0000020f53c6d000 Exception <a 'sun/nio/fs/WindowsException'{0x00000000ed2cef08}> (0x00000000ed2cef08) thrown at [./src/hotspot/share/prims/jni.cpp, line 615]
Event: 79.227 Thread 0x0000020f53c6d000 Exception <a 'sun/nio/fs/WindowsException'{0x00000000ed2d4590}> (0x00000000ed2d4590) thrown at [./src/hotspot/share/prims/jni.cpp, line 615]
Event: 79.231 Thread 0x0000020f53c6d000 Exception <a 'sun/nio/fs/WindowsException'{0x00000000ed126318}> (0x00000000ed126318) thrown at [./src/hotspot/share/prims/jni.cpp, line 615]
Event: 79.235 Thread 0x0000020f53c6d000 Exception <a 'sun/nio/fs/WindowsException'{0x00000000ed1476a0}> (0x00000000ed1476a0) thrown at [./src/hotspot/share/prims/jni.cpp, line 615]
Event: 79.257 Thread 0x0000020f53c6d000 Exception <a 'sun/nio/fs/WindowsException'{0x00000000ecedaa20}> (0x00000000ecedaa20) thrown at [./src/hotspot/share/prims/jni.cpp, line 615]
Event: 79.260 Thread 0x0000020f53c6d000 Exception <a 'sun/nio/fs/WindowsException'{0x00000000ecedffd8}> (0x00000000ecedffd8) thrown at [./src/hotspot/share/prims/jni.cpp, line 615]
Event: 79.266 Thread 0x0000020f53c6d000 Exception <a 'sun/nio/fs/WindowsException'{0x00000000ecd2f8c8}> (0x00000000ecd2f8c8) thrown at [./src/hotspot/share/prims/jni.cpp, line 615]
Event: 79.270 Thread 0x0000020f53c6d000 Exception <a 'sun/nio/fs/WindowsException'{0x00000000ecd55240}> (0x00000000ecd55240) thrown at [./src/hotspot/share/prims/jni.cpp, line 615]
Event: 79.329 Thread 0x0000020f53c6d000 Exception <a 'sun/nio/fs/WindowsException'{0x00000000efdb4be8}> (0x00000000efdb4be8) thrown at [./src/hotspot/share/prims/jni.cpp, line 615]
Event: 79.344 Thread 0x0000020f53c6d000 Exception <a 'sun/nio/fs/WindowsException'{0x00000000efdbabc8}> (0x00000000efdbabc8) thrown at [./src/hotspot/share/prims/jni.cpp, line 615]
Event: 79.348 Thread 0x0000020f53c6d000 Exception <a 'sun/nio/fs/WindowsException'{0x00000000efc1c2b0}> (0x00000000efc1c2b0) thrown at [./src/hotspot/share/prims/jni.cpp, line 615]
Event: 79.358 Thread 0x0000020f53c6d000 Exception <a 'sun/nio/fs/WindowsException'{0x00000000efc3ef60}> (0x00000000efc3ef60) thrown at [./src/hotspot/share/prims/jni.cpp, line 615]
Event: 79.641 Thread 0x0000020f53c6d000 Exception <a 'sun/nio/fs/WindowsException'{0x00000000ee622b00}> (0x00000000ee622b00) thrown at [./src/hotspot/share/prims/jni.cpp, line 615]
Event: 80.072 Thread 0x0000020f524ab000 Exception <a 'java/lang/NoSuchMethodError'{0x00000000ed14b678}: <clinit>> (0x00000000ed14b678) thrown at [./src/hotspot/share/prims/jni.cpp, line 1362]
Event: 80.072 Thread 0x0000020f524ab000 Exception <a 'java/lang/NoSuchMethodError'{0x00000000ed157818}: <clinit>> (0x00000000ed157818) thrown at [./src/hotspot/share/prims/jni.cpp, line 1362]

Events (20 events):
Event: 79.658 loading class jdk/nio/zipfs/ZipFileSystem
Event: 79.658 loading class jdk/nio/zipfs/ZipFileSystem done
Event: 79.697 loading class org/gradle/api/internal/tasks/compile/incremental/RecompilationNotNecessary
Event: 79.697 loading class org/gradle/api/internal/tasks/compile/incremental/RecompilationNotNecessary done
Event: 79.699 loading class org/gradle/api/internal/tasks/compile/CompileJavaBuildOperationReportingCompiler$DefaultAnnotationProcessorDetails
Event: 79.699 loading class org/gradle/api/internal/tasks/compile/CompileJavaBuildOperationReportingCompiler$DefaultAnnotationProcessorDetails done
Event: 79.702 loading class org/gradle/api/internal/tasks/compile/CompileJavaBuildOperationType$Result$AnnotationProcessorDetails
Event: 79.702 loading class org/gradle/api/internal/tasks/compile/CompileJavaBuildOperationType$Result$AnnotationProcessorDetails done
Event: 79.703 loading class org/gradle/api/internal/tasks/compile/CompileJavaBuildOperationType$Result$AnnotationProcessorDetails$Type
Event: 79.703 loading class org/gradle/api/internal/tasks/compile/CompileJavaBuildOperationType$Result$AnnotationProcessorDetails$Type done
Event: 79.703 loading class org/gradle/api/internal/tasks/compile/CompileJavaBuildOperationReportingCompiler$Result
Event: 79.703 loading class org/gradle/api/internal/tasks/compile/CompileJavaBuildOperationReportingCompiler$Result done
Event: 80.069 loading class org/gradle/tooling/internal/provider/events/DefaultAnnotationProcessorResult
Event: 80.069 loading class org/gradle/tooling/internal/provider/events/DefaultAnnotationProcessorResult done
Event: 80.069 loading class org/gradle/api/internal/tasks/compile/tooling/JavaCompileTaskSuccessResultPostProcessor$1
Event: 80.069 loading class org/gradle/api/internal/tasks/compile/tooling/JavaCompileTaskSuccessResultPostProcessor$1 done
Event: 80.073 loading class java/time/Ser
Event: 80.074 loading class java/time/Ser done
Event: 80.104 Executing VM operation: ICBufferFull
Event: 80.104 Executing VM operation: ICBufferFull done


Dynamic libraries:
0x00007ff7407a0000 - 0x00007ff7407aa000 	C:\Program Files\Android\Android Studio\jre\bin\java.exe
0x00007fff30c30000 - 0x00007fff30e28000 	C:\Windows\SYSTEM32\ntdll.dll
0x00007fff2f1b0000 - 0x00007fff2f26f000 	C:\Windows\System32\KERNEL32.DLL
0x00007fff2e430000 - 0x00007fff2e702000 	C:\Windows\System32\KERNELBASE.dll
0x00007fff2e330000 - 0x00007fff2e430000 	C:\Windows\System32\ucrtbase.dll
0x00007fff0f380000 - 0x00007fff0f399000 	C:\Program Files\Android\Android Studio\jre\bin\jli.dll
0x00007fff0f7a0000 - 0x00007fff0f7b7000 	C:\Program Files\Android\Android Studio\jre\bin\VCRUNTIME140.dll
0x00007fff2f630000 - 0x00007fff2f7cd000 	C:\Windows\System32\USER32.dll
0x00007fff2ec20000 - 0x00007fff2ec42000 	C:\Windows\System32\win32u.dll
0x00007fff22760000 - 0x00007fff229fa000 	C:\Windows\WinSxS\amd64_microsoft.windows.common-controls_6595b64144ccf1df_6.0.19041.1110_none_60b5254171f9507e\COMCTL32.dll
0x00007fff2f7d0000 - 0x00007fff2f7fb000 	C:\Windows\System32\GDI32.dll
0x00007fff30390000 - 0x00007fff3042e000 	C:\Windows\System32\msvcrt.dll
0x00007fff2e950000 - 0x00007fff2ea5f000 	C:\Windows\System32\gdi32full.dll
0x00007fff2eb80000 - 0x00007fff2ec1d000 	C:\Windows\System32\msvcp_win.dll
0x00007fff2f360000 - 0x00007fff2f392000 	C:\Windows\System32\IMM32.DLL
0x00007fff04570000 - 0x00007fff0460d000 	C:\Program Files\Android\Android Studio\jre\bin\msvcp140.dll
0x00007fff01c90000 - 0x00007fff0274c000 	C:\Program Files\Android\Android Studio\jre\bin\server\jvm.dll
0x00007fff2f3a0000 - 0x00007fff2f44e000 	C:\Windows\System32\ADVAPI32.dll
0x00007fff30710000 - 0x00007fff307ac000 	C:\Windows\System32\sechost.dll
0x00007fff2f450000 - 0x00007fff2f575000 	C:\Windows\System32\RPCRT4.dll
0x00007fff30b10000 - 0x00007fff30b18000 	C:\Windows\System32\PSAPI.DLL
0x00007fff245c0000 - 0x00007fff245e7000 	C:\Windows\SYSTEM32\WINMM.dll
0x00007fff21b70000 - 0x00007fff21b79000 	C:\Windows\SYSTEM32\WSOCK32.dll
0x00007fff29620000 - 0x00007fff2962a000 	C:\Windows\SYSTEM32\VERSION.dll
0x00007fff2f880000 - 0x00007fff2f8eb000 	C:\Windows\System32\WS2_32.dll
0x00007fff2cdf0000 - 0x00007fff2ce02000 	C:\Windows\SYSTEM32\kernel.appcore.dll
0x00007fff20c10000 - 0x00007fff20c21000 	C:\Program Files\Android\Android Studio\jre\bin\verify.dll
0x00007fff1bd30000 - 0x00007fff1bf14000 	C:\Windows\SYSTEM32\DBGHELP.DLL
0x00007fff19dd0000 - 0x00007fff19dfc000 	C:\Windows\SYSTEM32\dbgcore.DLL
0x00007fff2e710000 - 0x00007fff2e792000 	C:\Windows\System32\bcryptPrimitives.dll
0x00007fff20be0000 - 0x00007fff20c09000 	C:\Program Files\Android\Android Studio\jre\bin\java.dll
0x00007fff23e50000 - 0x00007fff23e5b000 	C:\Program Files\Android\Android Studio\jre\bin\jimage.dll
0x00007fff20bc0000 - 0x00007fff20bd8000 	C:\Program Files\Android\Android Studio\jre\bin\zip.dll
0x00007fff2fa90000 - 0x00007fff301d3000 	C:\Windows\System32\SHELL32.dll
0x00007fff2c3f0000 - 0x00007fff2cb82000 	C:\Windows\SYSTEM32\windows.storage.dll
0x00007fff307b0000 - 0x00007fff30b04000 	C:\Windows\System32\combase.dll
0x00007fff2dcb0000 - 0x00007fff2dce0000 	C:\Windows\SYSTEM32\Wldp.dll
0x00007fff2f580000 - 0x00007fff2f62d000 	C:\Windows\System32\SHCORE.dll
0x00007fff2f300000 - 0x00007fff2f355000 	C:\Windows\System32\shlwapi.dll
0x00007fff2e270000 - 0x00007fff2e28f000 	C:\Windows\SYSTEM32\profapi.dll
0x00007fff20ba0000 - 0x00007fff20bba000 	C:\Program Files\Android\Android Studio\jre\bin\net.dll
0x00007fff265a0000 - 0x00007fff266ac000 	C:\Windows\SYSTEM32\WINHTTP.dll
0x00007fff2da10000 - 0x00007fff2da7a000 	C:\Windows\system32\mswsock.dll
0x00007fff20b30000 - 0x00007fff20b44000 	C:\Program Files\Android\Android Studio\jre\bin\nio.dll
0x00007fff10030000 - 0x00007fff10056000 	C:\Users\Dev3\.gradle\native\29\windows-amd64\native-platform.dll
0x00007fff23d60000 - 0x00007fff23d6a000 	C:\Program Files\Android\Android Studio\jre\bin\management.dll
0x00007fff20b20000 - 0x00007fff20b2c000 	C:\Program Files\Android\Android Studio\jre\bin\management_ext.dll
0x00007fff2dc00000 - 0x00007fff2dc18000 	C:\Windows\SYSTEM32\CRYPTSP.dll
0x00007fff2d330000 - 0x00007fff2d364000 	C:\Windows\system32\rsaenh.dll
0x00007fff2ec50000 - 0x00007fff2ec77000 	C:\Windows\System32\bcrypt.dll
0x00007fff2e230000 - 0x00007fff2e25e000 	C:\Windows\SYSTEM32\USERENV.dll
0x00007fff2dc20000 - 0x00007fff2dc2c000 	C:\Windows\SYSTEM32\CRYPTBASE.dll
0x00007fff2d700000 - 0x00007fff2d73b000 	C:\Windows\SYSTEM32\IPHLPAPI.DLL
0x00007fff2fa80000 - 0x00007fff2fa88000 	C:\Windows\System32\NSI.dll
0x00007fff27cb0000 - 0x00007fff27cc7000 	C:\Windows\SYSTEM32\dhcpcsvc6.DLL
0x00007fff27a50000 - 0x00007fff27a6d000 	C:\Windows\SYSTEM32\dhcpcsvc.DLL
0x00007fff2d740000 - 0x00007fff2d80a000 	C:\Windows\SYSTEM32\DNSAPI.dll
0x00007fff0fb10000 - 0x00007fff0fb37000 	C:\Program Files\Android\Android Studio\jre\bin\sunec.dll
0x00007fff25dc0000 - 0x00007fff25dca000 	C:\Windows\System32\rasadhlp.dll
0x00007fff24330000 - 0x00007fff243b0000 	C:\Windows\System32\fwpuclnt.dll
0x00007fff2b8a0000 - 0x00007fff2b931000 	C:\Windows\system32\apphelp.dll

dbghelp: loaded successfully - version: 4.0.5 - missing functions: none
symbol engine: initialized successfully - sym options: 0x614 - pdb path: .;C:\Program Files\Android\Android Studio\jre\bin;C:\Windows\SYSTEM32;C:\Windows\WinSxS\amd64_microsoft.windows.common-controls_6595b64144ccf1df_6.0.19041.1110_none_60b5254171f9507e;C:\Program Files\Android\Android Studio\jre\bin\server;C:\Users\Dev3\.gradle\native\29\windows-amd64

VM Arguments:
jvm_args: --add-opens=java.base/java.util=ALL-UNNAMED --add-opens=java.base/java.lang=ALL-UNNAMED --add-opens=java.base/java.lang.invoke=ALL-UNNAMED --add-opens=java.prefs/java.util.prefs=ALL-UNNAMED -XX:MaxMetaspaceSize=256m -XX:+HeapDumpOnOutOfMemoryError -Xms256m -Xmx512m -Dfile.encoding=windows-1253 -Duser.country=US -Duser.language=en -Duser.variant 
java_command: org.gradle.launcher.daemon.bootstrap.GradleDaemon 5.4.1
java_class_path (initial): C:\Users\Dev3\.gradle\wrapper\dists\gradle-5.4.1-all\3221gyojl5jsh0helicew7rwx\gradle-5.4.1\lib\gradle-launcher-5.4.1.jar
Launcher Type: SUN_STANDARD

[Global flags]
     intx CICompilerCount                          = 4                                         {product} {ergonomic}
   size_t CompressedClassSpaceSize                 = 260046848                                 {product} {ergonomic}
     uint ConcGCThreads                            = 2                                         {product} {ergonomic}
     uint G1ConcRefinementThreads                  = 8                                         {product} {ergonomic}
   size_t G1HeapRegionSize                         = 1048576                                   {product} {ergonomic}
    uintx GCDrainStackTargetSize                   = 64                                        {product} {ergonomic}
     bool HeapDumpOnOutOfMemoryError               = true                                   {manageable} {command line}
   size_t InitialHeapSize                          = 268435456                                 {product} {command line}
   size_t MarkStackSize                            = 4194304                                   {product} {ergonomic}
   size_t MaxHeapSize                              = 536870912                                 {product} {command line}
   size_t MaxMetaspaceSize                         = 268435456                                 {product} {command line}
   size_t MaxNewSize                               = 321912832                                 {product} {ergonomic}
   size_t MinHeapDeltaBytes                        = 1048576                                   {product} {ergonomic}
    uintx NonNMethodCodeHeapSize                   = 5836300                                {pd product} {ergonomic}
    uintx NonProfiledCodeHeapSize                  = 122910970                              {pd product} {ergonomic}
    uintx ProfiledCodeHeapSize                     = 122910970                              {pd product} {ergonomic}
    uintx ReservedCodeCacheSize                    = 251658240                              {pd product} {ergonomic}
     bool SegmentedCodeCache                       = true                                      {product} {ergonomic}
     bool UseCompressedClassPointers               = true                                 {lp64_product} {ergonomic}
     bool UseCompressedOops                        = true                                 {lp64_product} {ergonomic}
     bool UseG1GC                                  = true                                      {product} {ergonomic}
     bool UseLargePagesIndividualAllocation        = false                                  {pd product} {ergonomic}

Logging:
Log output configuration:
 #0: stdout all=warning uptime,level,tags
 #1: stderr all=off uptime,level,tags

Environment Variables:
JAVA_HOME=C:\Program Files\AdoptOpenJDK\jre-8.0.252.09-hotspot\
PATH=C:\app\Dev3\product\11.2.0\client_1\bin;C:\Program Files\AdoptOpenJDK\jre-11.0.7.10-hotspot\bin;C:\Program Files\AdoptOpenJDK\jre-8.0.252.09-hotspot\bin;C:\Program Files (x86)\AdoptOpenJDK\jre-8.0.252.09-hotspot\bin;C:\Program Files\OpenSSL-Win64\bin;C:\Windows\system32;C:\Windows;C:\Windows\System32\Wbem;C:\Windows\System32\WindowsPowerShell\v1.0\;C:\Windows\System32\OpenSSH\;C:\Program Files\dotnet\;C:\Program Files\Git\cmd;C:\Program Files\Microsoft SQL Server\120\DTS\Binn\;C:\Program Files\Microsoft SQL Server\Client SDK\ODBC\110\Tools\Binn\;C:\Program Files (x86)\Microsoft SQL Server\120\Tools\Binn\;C:\Program Files\Microsoft SQL Server\120\Tools\Binn\;C:\Program Files (x86)\Microsoft SQL Server\120\Tools\Binn\ManagementStudio\;C:\Program Files (x86)\Microsoft SQL Server\120\DTS\Binn\;C:\Program Files\Microsoft SQL Server\130\Tools\Binn\;C:\Program Files\Microsoft SQL Server\110\Tools\Binn\;C:\Program Files (x86)\Microsoft SDKs\TypeScript\1.0\;C:\Users\Dev3\Desktop\openssl;C:\Users\Dev3\Downloads\openssl-3.0.0;C:\Users\Dev3\AppData\Local\Microsoft\WindowsApps;
USERNAME=Dev3
OS=Windows_NT
PROCESSOR_IDENTIFIER=Intel64 Family 6 Model 60 Stepping 3, GenuineIntel



---------------  S Y S T E M  ---------------

OS: Windows 10 , 64 bit Build 19041 (10.0.19041.2251)
OS uptime: 2 days 17:01 hours

CPU:total 8 (initial active 8) (4 cores per cpu, 2 threads per core) family 6 model 60 stepping 3, cmov, cx8, fxsr, mmx, sse, sse2, sse3, ssse3, sse4.1, sse4.2, popcnt, avx, avx2, aes, clmul, erms, lzcnt, ht, tsc, tscinvbit, bmi1, bmi2, fma

Memory: 4k page, system-wide physical 16274M (2654M free)
TotalPageFile size 16274M (AvailPageFile size 4M)
current process WorkingSet (physical memory assigned to process): 561M, peak: 570M
current process commit charge ("private bytes"): 593M, peak: 600M

vm_info: OpenJDK 64-Bit Server VM (11.0.8+10-b944.6842174) for windows-amd64 JRE (11.0.8+10-b944.6842174), built on Sep 19 2020 01:11:42 by "builder" with MS VC++ 14.0 (VS2015)

END.
